
> game-hub@10.1.1 test
> node --test --test-concurrency=1 tests/unit.test.js tests/api.test.js tests/blox.test.js tests/match3.test.js tests/ux.test.js tests/db.test.js tests/perf.test.js tests/game-logic-stress.test.js tests/syntax.test.js

TAP version 13
# ⚠️ DATABASE_URL not set — Postgres database is disabled!
# [api.test.js] beforeEach started...
# [api.test.js] beforeEach started...
# [api.test.js] beforeEach started...
# [api.test.js] beforeEach started...
# [api.test.js] beforeEach started...
# [api.test.js] beforeEach started...
# [api.test.js] beforeEach started...
# [api.test.js] beforeEach started...
# [api.test.js] beforeEach started...
# [api.test.js] beforeEach started...
# [api.test.js] beforeEach started...
# [api.test.js] beforeEach started...
# [api.test.js] beforeEach started...
# [api.test.js] beforeEach started...
# [api.test.js] beforeEach started...
# [api.test.js] beforeEach started...
# [api.test.js] beforeEach started...
# [api.test.js] beforeEach started...
# [api.test.js] beforeEach started...
# [api.test.js] beforeEach started...
# [api.test.js] beforeEach started...
# [api.test.js] beforeEach started...
# [api.test.js] beforeEach started...
# [api.test.js] beforeEach started...
# [api.test.js] beforeEach started...
# [api.test.js] beforeEach started...
# [api.test.js] beforeEach started...
# [api.test.js] beforeEach started...
# [api.test.js] beforeEach started...
# [api.test.js] beforeEach started...
# [api.test.js] beforeEach started...
# [api.test.js] beforeEach started...
# [api.test.js] beforeEach started...
# [api.test.js] beforeEach started...
# [api.test.js] beforeEach started...
# [api.test.js] beforeEach started...
# [api.test.js] beforeEach started...
# [api.test.js] beforeEach started...
# Subtest: GET /api/config/discord
    # Subtest: returns clientId field
    not ok 1 - returns clientId field
      ---
      duration_ms: 1.28764
      type: 'test'
      location: '/app/tests/api.test.js:65:3'
      failureType: 'hookFailed'
      error: 'db is not a function'
      code: 'ERR_TEST_FAILURE'
      name: 'TypeError'
      stack: |-
        TestContext.<anonymous> (file:///app/tests/api.test.js:55:11)
        TestHook.runInAsyncScope (node:async_hooks:214:14)
        TestHook.run (node:internal/test_runner/test:1047:25)
        TestHook.run (node:internal/test_runner/test:1354:18)
        Suite.runHook (node:internal/test_runner/test:965:20)
        Test.run (node:internal/test_runner/test:1022:27)
        Test.start (node:internal/test_runner/test:944:17)
        node:internal/test_runner/test:1440:71
        node:internal/per_context/primordials:466:82
        new Promise (<anonymous>)
      ...
    1..1
not ok 1 - GET /api/config/discord
  ---
  duration_ms: 4.008917
  type: 'suite'
  location: '/app/tests/api.test.js:64:1'
  failureType: 'subtestsFailed'
  error: '1 subtest failed'
  code: 'ERR_TEST_FAILURE'
  ...
# Subtest: GET /api/content/crops
    # Subtest: returns all crop definitions
    not ok 1 - returns all crop definitions
      ---
      duration_ms: 0.390014
      type: 'test'
      location: '/app/tests/api.test.js:73:3'
      failureType: 'hookFailed'
      error: 'db is not a function'
      code: 'ERR_TEST_FAILURE'
      name: 'TypeError'
      stack: |-
        TestContext.<anonymous> (file:///app/tests/api.test.js:55:11)
        TestHook.runInAsyncScope (node:async_hooks:214:14)
        TestHook.run (node:internal/test_runner/test:1047:25)
        TestHook.run (node:internal/test_runner/test:1354:18)
        Suite.runHook (node:internal/test_runner/test:965:20)
        Test.run (node:internal/test_runner/test:1022:27)
        Test.start (node:internal/test_runner/test:944:17)
        node:internal/test_runner/test:1440:71
        node:internal/per_context/primordials:466:82
        new Promise (<anonymous>)
      ...
    1..1
not ok 2 - GET /api/content/crops
  ---
  duration_ms: 0.758496
  type: 'suite'
  location: '/app/tests/api.test.js:72:1'
  failureType: 'subtestsFailed'
  error: '1 subtest failed'
  code: 'ERR_TEST_FAILURE'
  ...
# Subtest: POST /api/farm/state
    # Subtest: returns default state for new player
    not ok 1 - returns default state for new player
      ---
      duration_ms: 0.519185
      type: 'test'
      location: '/app/tests/api.test.js:87:3'
      failureType: 'hookFailed'
      error: 'db is not a function'
      code: 'ERR_TEST_FAILURE'
      name: 'TypeError'
      stack: |-
        TestContext.<anonymous> (file:///app/tests/api.test.js:55:11)
        TestHook.runInAsyncScope (node:async_hooks:214:14)
        TestHook.run (node:internal/test_runner/test:1047:25)
        TestHook.run (node:internal/test_runner/test:1354:18)
        Suite.runHook (node:internal/test_runner/test:965:20)
        Test.run (node:internal/test_runner/test:1022:27)
        Test.start (node:internal/test_runner/test:944:17)
        node:internal/test_runner/test:1440:71
        node:internal/per_context/primordials:466:82
        new Promise (<anonymous>)
      ...
    # Subtest: [FIX 1 REGRESSION] does not return offlineReport for new player
    not ok 2 - [FIX 1 REGRESSION] does not return offlineReport for new player
      ---
      duration_ms: 0.53305
      type: 'test'
      location: '/app/tests/api.test.js:99:3'
      failureType: 'hookFailed'
      error: 'db is not a function'
      code: 'ERR_TEST_FAILURE'
      name: 'TypeError'
      stack: |-
        TestContext.<anonymous> (file:///app/tests/api.test.js:55:11)
        TestHook.runInAsyncScope (node:async_hooks:214:14)
        TestHook.run (node:internal/test_runner/test:1047:25)
        TestHook.run (node:internal/test_runner/test:1354:18)
        Suite.runHook (node:internal/test_runner/test:965:20)
        Test.run (node:internal/test_runner/test:1022:27)
        Suite.processPendingSubtests (node:internal/test_runner/test:744:18)
        Test.postRun (node:internal/test_runner/test:1173:19)
        Test.run (node:internal/test_runner/test:1101:12)
        process.processTicksAndRejections (node:internal/process/task_queues:103:5)
      ...
    # Subtest: requires userId
    not ok 3 - requires userId
      ---
      duration_ms: 1.345661
      type: 'test'
      location: '/app/tests/api.test.js:111:3'
      failureType: 'hookFailed'
      error: 'db is not a function'
      code: 'ERR_TEST_FAILURE'
      name: 'TypeError'
      stack: |-
        TestContext.<anonymous> (file:///app/tests/api.test.js:55:11)
        TestHook.runInAsyncScope (node:async_hooks:214:14)
        TestHook.run (node:internal/test_runner/test:1047:25)
        TestHook.run (node:internal/test_runner/test:1354:18)
        Suite.runHook (node:internal/test_runner/test:965:20)
        Test.run (node:internal/test_runner/test:1022:27)
        Suite.processPendingSubtests (node:internal/test_runner/test:744:18)
        Test.postRun (node:internal/test_runner/test:1173:19)
        Test.run (node:internal/test_runner/test:1101:12)
        process.processTicksAndRejections (node:internal/process/task_queues:103:5)
      ...
    1..3
not ok 3 - POST /api/farm/state
  ---
  duration_ms: 2.887044
  type: 'suite'
  location: '/app/tests/api.test.js:86:1'
  failureType: 'subtestsFailed'
  error: '3 subtests failed'
  code: 'ERR_TEST_FAILURE'
  ...
# Subtest: POST /api/farm/plant
    # Subtest: plants a seed on an empty plot
    not ok 1 - plants a seed on an empty plot
      ---
      duration_ms: 0.727098
      type: 'test'
      location: '/app/tests/api.test.js:124:3'
      failureType: 'hookFailed'
      error: 'db is not a function'
      code: 'ERR_TEST_FAILURE'
      name: 'TypeError'
      stack: |-
        TestContext.<anonymous> (file:///app/tests/api.test.js:55:11)
        TestHook.runInAsyncScope (node:async_hooks:214:14)
        TestHook.run (node:internal/test_runner/test:1047:25)
        TestHook.run (node:internal/test_runner/test:1354:18)
        Suite.runHook (node:internal/test_runner/test:965:20)
        Test.run (node:internal/test_runner/test:1022:27)
        Test.start (node:internal/test_runner/test:944:17)
        node:internal/test_runner/test:1440:71
        node:internal/per_context/primordials:466:82
        new Promise (<anonymous>)
      ...
    # Subtest: rejects planting with no seeds
    not ok 2 - rejects planting with no seeds
      ---
      duration_ms: 0.678526
      type: 'test'
      location: '/app/tests/api.test.js:141:3'
      failureType: 'hookFailed'
      error: 'db is not a function'
      code: 'ERR_TEST_FAILURE'
      name: 'TypeError'
      stack: |-
        TestContext.<anonymous> (file:///app/tests/api.test.js:55:11)
        TestHook.runInAsyncScope (node:async_hooks:214:14)
        TestHook.run (node:internal/test_runner/test:1047:25)
        TestHook.run (node:internal/test_runner/test:1354:18)
        Suite.runHook (node:internal/test_runner/test:965:20)
        Test.run (node:internal/test_runner/test:1022:27)
        Suite.processPendingSubtests (node:internal/test_runner/test:744:18)
        Test.postRun (node:internal/test_runner/test:1173:19)
        Test.run (node:internal/test_runner/test:1101:12)
        process.processTicksAndRejections (node:internal/process/task_queues:103:5)
      ...
    # Subtest: rejects invalid crop
    not ok 3 - rejects invalid crop
      ---
      duration_ms: 0.607041
      type: 'test'
      location: '/app/tests/api.test.js:158:3'
      failureType: 'hookFailed'
      error: 'db is not a function'
      code: 'ERR_TEST_FAILURE'
      name: 'TypeError'
      stack: |-
        TestContext.<anonymous> (file:///app/tests/api.test.js:55:11)
        TestHook.runInAsyncScope (node:async_hooks:214:14)
        TestHook.run (node:internal/test_runner/test:1047:25)
        TestHook.run (node:internal/test_runner/test:1354:18)
        Suite.runHook (node:internal/test_runner/test:965:20)
        Test.run (node:internal/test_runner/test:1022:27)
        Suite.processPendingSubtests (node:internal/test_runner/test:744:18)
        Test.postRun (node:internal/test_runner/test:1173:19)
        Test.run (node:internal/test_runner/test:1101:12)
        process.processTicksAndRejections (node:internal/process/task_queues:103:5)
      ...
    1..3
not ok 4 - POST /api/farm/plant
  ---
  duration_ms: 2.350601
  type: 'suite'
  location: '/app/tests/api.test.js:123:1'
  failureType: 'subtestsFailed'
  error: '3 subtests failed'
  code: 'ERR_TEST_FAILURE'
  ...
# Subtest: POST /api/farm/water
    # Subtest: waters a planted plot
    not ok 1 - waters a planted plot
      ---
      duration_ms: 0.589362
      type: 'test'
      location: '/app/tests/api.test.js:177:3'
      failureType: 'hookFailed'
      error: 'db is not a function'
      code: 'ERR_TEST_FAILURE'
      name: 'TypeError'
      stack: |-
        TestContext.<anonymous> (file:///app/tests/api.test.js:55:11)
        TestHook.runInAsyncScope (node:async_hooks:214:14)
        TestHook.run (node:internal/test_runner/test:1047:25)
        TestHook.run (node:internal/test_runner/test:1354:18)
        Suite.runHook (node:internal/test_runner/test:965:20)
        Test.run (node:internal/test_runner/test:1022:27)
        Test.start (node:internal/test_runner/test:944:17)
        node:internal/test_runner/test:1440:71
        node:internal/per_context/primordials:466:82
        new Promise (<anonymous>)
      ...
    # Subtest: rejects double-watering
    not ok 2 - rejects double-watering
      ---
      duration_ms: 0.243416
      type: 'test'
      location: '/app/tests/api.test.js:197:3'
      failureType: 'hookFailed'
      error: 'db is not a function'
      code: 'ERR_TEST_FAILURE'
      name: 'TypeError'
      stack: |-
        TestContext.<anonymous> (file:///app/tests/api.test.js:55:11)
        TestHook.runInAsyncScope (node:async_hooks:214:14)
        TestHook.run (node:internal/test_runner/test:1047:25)
        TestHook.run (node:internal/test_runner/test:1354:18)
        Suite.runHook (node:internal/test_runner/test:965:20)
        Test.run (node:internal/test_runner/test:1022:27)
        Suite.processPendingSubtests (node:internal/test_runner/test:744:18)
        Test.postRun (node:internal/test_runner/test:1173:19)
        Test.run (node:internal/test_runner/test:1101:12)
        process.processTicksAndRejections (node:internal/process/task_queues:103:5)
      ...
    # Subtest: rejects watering empty plot
    not ok 3 - rejects watering empty plot
      ---
      duration_ms: 0.249197
      type: 'test'
      location: '/app/tests/api.test.js:215:3'
      failureType: 'hookFailed'
      error: 'db is not a function'
      code: 'ERR_TEST_FAILURE'
      name: 'TypeError'
      stack: |-
        TestContext.<anonymous> (file:///app/tests/api.test.js:55:11)
        TestHook.runInAsyncScope (node:async_hooks:214:14)
        TestHook.run (node:internal/test_runner/test:1047:25)
        TestHook.run (node:internal/test_runner/test:1354:18)
        Suite.runHook (node:internal/test_runner/test:965:20)
        Test.run (node:internal/test_runner/test:1022:27)
        Suite.processPendingSubtests (node:internal/test_runner/test:744:18)
        Test.postRun (node:internal/test_runner/test:1173:19)
        Test.run (node:internal/test_runner/test:1101:12)
        process.processTicksAndRejections (node:internal/process/task_queues:103:5)
      ...
    1..3
not ok 5 - POST /api/farm/water
  ---
  duration_ms: 1.231523
  type: 'suite'
  location: '/app/tests/api.test.js:176:1'
  failureType: 'subtestsFailed'
  error: '3 subtests failed'
  code: 'ERR_TEST_FAILURE'
  ...
# Subtest: POST /api/farm/buy-seeds
    # Subtest: buys seeds with sufficient gold
    not ok 1 - buys seeds with sufficient gold
      ---
      duration_ms: 0.300181
      type: 'test'
      location: '/app/tests/api.test.js:236:3'
      failureType: 'hookFailed'
      error: 'db is not a function'
      code: 'ERR_TEST_FAILURE'
      name: 'TypeError'
      stack: |-
        TestContext.<anonymous> (file:///app/tests/api.test.js:55:11)
        TestHook.runInAsyncScope (node:async_hooks:214:14)
        TestHook.run (node:internal/test_runner/test:1047:25)
        TestHook.run (node:internal/test_runner/test:1354:18)
        Suite.runHook (node:internal/test_runner/test:965:20)
        Test.run (node:internal/test_runner/test:1022:27)
        Test.start (node:internal/test_runner/test:944:17)
        node:internal/test_runner/test:1440:71
        node:internal/per_context/primordials:466:82
        new Promise (<anonymous>)
      ...
    # Subtest: rejects purchase with insufficient gold
    not ok 2 - rejects purchase with insufficient gold
      ---
      duration_ms: 0.25603
      type: 'test'
      location: '/app/tests/api.test.js:257:3'
      failureType: 'hookFailed'
      error: 'db is not a function'
      code: 'ERR_TEST_FAILURE'
      name: 'TypeError'
      stack: |-
        TestContext.<anonymous> (file:///app/tests/api.test.js:55:11)
        TestHook.runInAsyncScope (node:async_hooks:214:14)
        TestHook.run (node:internal/test_runner/test:1047:25)
        TestHook.run (node:internal/test_runner/test:1354:18)
        Suite.runHook (node:internal/test_runner/test:965:20)
        Test.run (node:internal/test_runner/test:1022:27)
        Suite.processPendingSubtests (node:internal/test_runner/test:744:18)
        Test.postRun (node:internal/test_runner/test:1173:19)
        Test.run (node:internal/test_runner/test:1101:12)
        process.processTicksAndRejections (node:internal/process/task_queues:103:5)
      ...
    1..2
not ok 6 - POST /api/farm/buy-seeds
  ---
  duration_ms: 0.693847
  type: 'suite'
  location: '/app/tests/api.test.js:235:1'
  failureType: 'subtestsFailed'
  error: '2 subtests failed'
  code: 'ERR_TEST_FAILURE'
  ...
# Subtest: POST /api/farm/sell-crop
    # Subtest: returns soldFor matching CROPS.sellPrice (not a formula)
    not ok 1 - returns soldFor matching CROPS.sellPrice (not a formula)
      ---
      duration_ms: 0.258273
      type: 'test'
      location: '/app/tests/api.test.js:280:3'
      failureType: 'hookFailed'
      error: 'db is not a function'
      code: 'ERR_TEST_FAILURE'
      name: 'TypeError'
      stack: |-
        TestContext.<anonymous> (file:///app/tests/api.test.js:55:11)
        TestHook.runInAsyncScope (node:async_hooks:214:14)
        TestHook.run (node:internal/test_runner/test:1047:25)
        TestHook.run (node:internal/test_runner/test:1354:18)
        Suite.runHook (node:internal/test_runner/test:965:20)
        Test.run (node:internal/test_runner/test:1022:27)
        Test.start (node:internal/test_runner/test:944:17)
        node:internal/test_runner/test:1440:71
        node:internal/per_context/primordials:466:82
        new Promise (<anonymous>)
      ...
    # Subtest: rejects selling crop not in inventory
    not ok 2 - rejects selling crop not in inventory
      ---
      duration_ms: 0.205401
      type: 'test'
      location: '/app/tests/api.test.js:303:3'
      failureType: 'hookFailed'
      error: 'db is not a function'
      code: 'ERR_TEST_FAILURE'
      name: 'TypeError'
      stack: |-
        TestContext.<anonymous> (file:///app/tests/api.test.js:55:11)
        TestHook.runInAsyncScope (node:async_hooks:214:14)
        TestHook.run (node:internal/test_runner/test:1047:25)
        TestHook.run (node:internal/test_runner/test:1354:18)
        Suite.runHook (node:internal/test_runner/test:965:20)
        Test.run (node:internal/test_runner/test:1022:27)
        Suite.processPendingSubtests (node:internal/test_runner/test:744:18)
        Test.postRun (node:internal/test_runner/test:1173:19)
        Test.run (node:internal/test_runner/test:1101:12)
        process.processTicksAndRejections (node:internal/process/task_queues:103:5)
      ...
    1..2
not ok 7 - POST /api/farm/sell-crop
  ---
  duration_ms: 0.628576
  type: 'suite'
  location: '/app/tests/api.test.js:279:1'
  failureType: 'subtestsFailed'
  error: '2 subtests failed'
  code: 'ERR_TEST_FAILURE'
  ...
# Subtest: POST /api/pet/feed
    # Subtest: feeds pet with harvested crop and gains energy
    not ok 1 - feeds pet with harvested crop and gains energy
      ---
      duration_ms: 0.407059
      type: 'test'
      location: '/app/tests/api.test.js:325:3'
      failureType: 'hookFailed'
      error: 'db is not a function'
      code: 'ERR_TEST_FAILURE'
      name: 'TypeError'
      stack: |-
        TestContext.<anonymous> (file:///app/tests/api.test.js:55:11)
        TestHook.runInAsyncScope (node:async_hooks:214:14)
        TestHook.run (node:internal/test_runner/test:1047:25)
        TestHook.run (node:internal/test_runner/test:1354:18)
        Suite.runHook (node:internal/test_runner/test:965:20)
        Test.run (node:internal/test_runner/test:1022:27)
        Test.start (node:internal/test_runner/test:944:17)
        node:internal/test_runner/test:1440:71
        node:internal/per_context/primordials:466:82
        new Promise (<anonymous>)
      ...
    # Subtest: rejects feeding with no harvested crop
    not ok 2 - rejects feeding with no harvested crop
      ---
      duration_ms: 0.199989
      type: 'test'
      location: '/app/tests/api.test.js:350:3'
      failureType: 'hookFailed'
      error: 'db is not a function'
      code: 'ERR_TEST_FAILURE'
      name: 'TypeError'
      stack: |-
        TestContext.<anonymous> (file:///app/tests/api.test.js:55:11)
        TestHook.runInAsyncScope (node:async_hooks:214:14)
        TestHook.run (node:internal/test_runner/test:1047:25)
        TestHook.run (node:internal/test_runner/test:1354:18)
        Suite.runHook (node:internal/test_runner/test:965:20)
        Test.run (node:internal/test_runner/test:1022:27)
        Suite.processPendingSubtests (node:internal/test_runner/test:744:18)
        Test.postRun (node:internal/test_runner/test:1173:19)
        Test.run (node:internal/test_runner/test:1101:12)
        process.processTicksAndRejections (node:internal/process/task_queues:103:5)
      ...
    1..2
not ok 8 - POST /api/pet/feed
  ---
  duration_ms: 0.733696
  type: 'suite'
  location: '/app/tests/api.test.js:324:1'
  failureType: 'subtestsFailed'
  error: '2 subtests failed'
  code: 'ERR_TEST_FAILURE'
  ...
# Subtest: POST /api/trivia/start
    # Subtest: starts a trivia session and deducts energy
    not ok 1 - starts a trivia session and deducts energy
      ---
      duration_ms: 0.466742
      type: 'test'
      location: '/app/tests/api.test.js:369:3'
      failureType: 'hookFailed'
      error: 'db is not a function'
      code: 'ERR_TEST_FAILURE'
      name: 'TypeError'
      stack: |-
        TestContext.<anonymous> (file:///app/tests/api.test.js:55:11)
        TestHook.runInAsyncScope (node:async_hooks:214:14)
        TestHook.run (node:internal/test_runner/test:1047:25)
        TestHook.run (node:internal/test_runner/test:1354:18)
        Suite.runHook (node:internal/test_runner/test:965:20)
        Test.run (node:internal/test_runner/test:1022:27)
        Test.start (node:internal/test_runner/test:944:17)
        node:internal/test_runner/test:1440:71
        node:internal/per_context/primordials:466:82
        new Promise (<anonymous>)
      ...
    # Subtest: rejects when energy is insufficient
    not ok 2 - rejects when energy is insufficient
      ---
      duration_ms: 0.39222
      type: 'test'
      location: '/app/tests/api.test.js:388:3'
      failureType: 'hookFailed'
      error: 'db is not a function'
      code: 'ERR_TEST_FAILURE'
      name: 'TypeError'
      stack: |-
        TestContext.<anonymous> (file:///app/tests/api.test.js:55:11)
        TestHook.runInAsyncScope (node:async_hooks:214:14)
        TestHook.run (node:internal/test_runner/test:1047:25)
        TestHook.run (node:internal/test_runner/test:1354:18)
        Suite.runHook (node:internal/test_runner/test:965:20)
        Test.run (node:internal/test_runner/test:1022:27)
        Suite.processPendingSubtests (node:internal/test_runner/test:744:18)
        Test.postRun (node:internal/test_runner/test:1173:19)
        Test.run (node:internal/test_runner/test:1101:12)
        process.processTicksAndRejections (node:internal/process/task_queues:103:5)
      ...
    1..2
not ok 9 - POST /api/trivia/start
  ---
  duration_ms: 1.077283
  type: 'suite'
  location: '/app/tests/api.test.js:368:1'
  failureType: 'subtestsFailed'
  error: '2 subtests failed'
  code: 'ERR_TEST_FAILURE'
  ...
# Subtest: POST /api/trivia/answer
    # Subtest: scores correct answer with points and streak
    not ok 1 - scores correct answer with points and streak
      ---
      duration_ms: 0.44102
      type: 'test'
      location: '/app/tests/api.test.js:407:3'
      failureType: 'hookFailed'
      error: 'db is not a function'
      code: 'ERR_TEST_FAILURE'
      name: 'TypeError'
      stack: |-
        TestContext.<anonymous> (file:///app/tests/api.test.js:55:11)
        TestHook.runInAsyncScope (node:async_hooks:214:14)
        TestHook.run (node:internal/test_runner/test:1047:25)
        TestHook.run (node:internal/test_runner/test:1354:18)
        Suite.runHook (node:internal/test_runner/test:965:20)
        Test.run (node:internal/test_runner/test:1022:27)
        Test.start (node:internal/test_runner/test:944:17)
        node:internal/test_runner/test:1440:71
        node:internal/per_context/primordials:466:82
        new Promise (<anonymous>)
      ...
    # Subtest: scores wrong answer with 0 points
    not ok 2 - scores wrong answer with 0 points
      ---
      duration_ms: 0.667235
      type: 'test'
      location: '/app/tests/api.test.js:436:3'
      failureType: 'hookFailed'
      error: 'db is not a function'
      code: 'ERR_TEST_FAILURE'
      name: 'TypeError'
      stack: |-
        TestContext.<anonymous> (file:///app/tests/api.test.js:55:11)
        TestHook.runInAsyncScope (node:async_hooks:214:14)
        TestHook.run (node:internal/test_runner/test:1047:25)
        TestHook.run (node:internal/test_runner/test:1354:18)
        Suite.runHook (node:internal/test_runner/test:965:20)
        Test.run (node:internal/test_runner/test:1022:27)
        Suite.processPendingSubtests (node:internal/test_runner/test:744:18)
        Test.postRun (node:internal/test_runner/test:1173:19)
        Test.run (node:internal/test_runner/test:1101:12)
        process.processTicksAndRejections (node:internal/process/task_queues:103:5)
      ...
    # Subtest: rejects when no active session
    not ok 3 - rejects when no active session
      ---
      duration_ms: 0.426955
      type: 'test'
      location: '/app/tests/api.test.js:450:3'
      failureType: 'hookFailed'
      error: 'db is not a function'
      code: 'ERR_TEST_FAILURE'
      name: 'TypeError'
      stack: |-
        TestContext.<anonymous> (file:///app/tests/api.test.js:55:11)
        TestHook.runInAsyncScope (node:async_hooks:214:14)
        TestHook.run (node:internal/test_runner/test:1047:25)
        TestHook.run (node:internal/test_runner/test:1354:18)
        Suite.runHook (node:internal/test_runner/test:965:20)
        Test.run (node:internal/test_runner/test:1022:27)
        Suite.processPendingSubtests (node:internal/test_runner/test:744:18)
        Test.postRun (node:internal/test_runner/test:1173:19)
        Test.run (node:internal/test_runner/test:1101:12)
        process.processTicksAndRejections (node:internal/process/task_queues:103:5)
      ...
    1..3
not ok 10 - POST /api/trivia/answer
  ---
  duration_ms: 1.733491
  type: 'suite'
  location: '/app/tests/api.test.js:406:1'
  failureType: 'subtestsFailed'
  error: '3 subtests failed'
  code: 'ERR_TEST_FAILURE'
  ...
# Subtest: POST /api/farm/harvest
    # Subtest: harvests a fully grown crop
    not ok 1 - harvests a fully grown crop
      ---
      duration_ms: 0.396799
      type: 'test'
      location: '/app/tests/api.test.js:465:3'
      failureType: 'hookFailed'
      error: 'db is not a function'
      code: 'ERR_TEST_FAILURE'
      name: 'TypeError'
      stack: |-
        TestContext.<anonymous> (file:///app/tests/api.test.js:55:11)
        TestHook.runInAsyncScope (node:async_hooks:214:14)
        TestHook.run (node:internal/test_runner/test:1047:25)
        TestHook.run (node:internal/test_runner/test:1354:18)
        Suite.runHook (node:internal/test_runner/test:965:20)
        Test.run (node:internal/test_runner/test:1022:27)
        Test.start (node:internal/test_runner/test:944:17)
        node:internal/test_runner/test:1440:71
        node:internal/per_context/primordials:466:82
        new Promise (<anonymous>)
      ...
    # Subtest: rejects harvesting unready crop
    not ok 2 - rejects harvesting unready crop
      ---
      duration_ms: 0.306854
      type: 'test'
      location: '/app/tests/api.test.js:486:3'
      failureType: 'hookFailed'
      error: 'db is not a function'
      code: 'ERR_TEST_FAILURE'
      name: 'TypeError'
      stack: |-
        TestContext.<anonymous> (file:///app/tests/api.test.js:55:11)
        TestHook.runInAsyncScope (node:async_hooks:214:14)
        TestHook.run (node:internal/test_runner/test:1047:25)
        TestHook.run (node:internal/test_runner/test:1354:18)
        Suite.runHook (node:internal/test_runner/test:965:20)
        Test.run (node:internal/test_runner/test:1022:27)
        Suite.processPendingSubtests (node:internal/test_runner/test:744:18)
        Test.postRun (node:internal/test_runner/test:1173:19)
        Test.run (node:internal/test_runner/test:1101:12)
        process.processTicksAndRejections (node:internal/process/task_queues:103:5)
      ...
    1..2
not ok 11 - POST /api/farm/harvest
  ---
  duration_ms: 0.822996
  type: 'suite'
  location: '/app/tests/api.test.js:464:1'
  failureType: 'subtestsFailed'
  error: '2 subtests failed'
  code: 'ERR_TEST_FAILURE'
  ...
# Subtest: POST /api/game/state (match-3)
    # Subtest: returns match-3 state for new player
    not ok 1 - returns match-3 state for new player
      ---
      duration_ms: 0.282085
      type: 'test'
      location: '/app/tests/api.test.js:510:3'
      failureType: 'hookFailed'
      error: 'db is not a function'
      code: 'ERR_TEST_FAILURE'
      name: 'TypeError'
      stack: |-
        TestContext.<anonymous> (file:///app/tests/api.test.js:55:11)
        TestHook.runInAsyncScope (node:async_hooks:214:14)
        TestHook.run (node:internal/test_runner/test:1047:25)
        TestHook.run (node:internal/test_runner/test:1354:18)
        Suite.runHook (node:internal/test_runner/test:965:20)
        Test.run (node:internal/test_runner/test:1022:27)
        Test.start (node:internal/test_runner/test:944:17)
        node:internal/test_runner/test:1440:71
        node:internal/per_context/primordials:466:82
        new Promise (<anonymous>)
      ...
    1..1
not ok 12 - POST /api/game/state (match-3)
  ---
  duration_ms: 0.371369
  type: 'suite'
  location: '/app/tests/api.test.js:509:1'
  failureType: 'subtestsFailed'
  error: '1 subtest failed'
  code: 'ERR_TEST_FAILURE'
  ...
# Subtest: GET /api/health
    # Subtest: returns healthy status
    not ok 1 - returns healthy status
      ---
      duration_ms: 0.321197
      type: 'test'
      location: '/app/tests/api.test.js:524:3'
      failureType: 'hookFailed'
      error: 'db is not a function'
      code: 'ERR_TEST_FAILURE'
      name: 'TypeError'
      stack: |-
        TestContext.<anonymous> (file:///app/tests/api.test.js:55:11)
        TestHook.runInAsyncScope (node:async_hooks:214:14)
        TestHook.run (node:internal/test_runner/test:1047:25)
        TestHook.run (node:internal/test_runner/test:1354:18)
        Suite.runHook (node:internal/test_runner/test:965:20)
        Test.run (node:internal/test_runner/test:1022:27)
        Test.start (node:internal/test_runner/test:944:17)
        node:internal/test_runner/test:1440:71
        node:internal/per_context/primordials:466:82
        new Promise (<anonymous>)
      ...
    1..1
not ok 13 - GET /api/health
  ---
  duration_ms: 0.40495
  type: 'suite'
  location: '/app/tests/api.test.js:523:1'
  failureType: 'subtestsFailed'
  error: '1 subtest failed'
  code: 'ERR_TEST_FAILURE'
  ...
# Subtest: POST /api/merge/state
    # Subtest: returns default merge state for new player
    not ok 1 - returns default merge state for new player
      ---
      duration_ms: 0.337616
      type: 'test'
      location: '/app/tests/api.test.js:535:3'
      failureType: 'hookFailed'
      error: 'db is not a function'
      code: 'ERR_TEST_FAILURE'
      name: 'TypeError'
      stack: |-
        TestContext.<anonymous> (file:///app/tests/api.test.js:55:11)
        TestHook.runInAsyncScope (node:async_hooks:214:14)
        TestHook.run (node:internal/test_runner/test:1047:25)
        TestHook.run (node:internal/test_runner/test:1354:18)
        Suite.runHook (node:internal/test_runner/test:965:20)
        Test.run (node:internal/test_runner/test:1022:27)
        Test.start (node:internal/test_runner/test:944:17)
        node:internal/test_runner/test:1440:71
        node:internal/per_context/primordials:466:82
        new Promise (<anonymous>)
      ...
    # Subtest: requires userId
    not ok 2 - requires userId
      ---
      duration_ms: 0.253872
      type: 'test'
      location: '/app/tests/api.test.js:548:3'
      failureType: 'hookFailed'
      error: 'db is not a function'
      code: 'ERR_TEST_FAILURE'
      name: 'TypeError'
      stack: |-
        TestContext.<anonymous> (file:///app/tests/api.test.js:55:11)
        TestHook.runInAsyncScope (node:async_hooks:214:14)
        TestHook.run (node:internal/test_runner/test:1047:25)
        TestHook.run (node:internal/test_runner/test:1354:18)
        Suite.runHook (node:internal/test_runner/test:965:20)
        Test.run (node:internal/test_runner/test:1022:27)
        Suite.processPendingSubtests (node:internal/test_runner/test:744:18)
        Test.postRun (node:internal/test_runner/test:1173:19)
        Test.run (node:internal/test_runner/test:1101:12)
        process.processTicksAndRejections (node:internal/process/task_queues:103:5)
      ...
    1..2
not ok 14 - POST /api/merge/state
  ---
  duration_ms: 0.700747
  type: 'suite'
  location: '/app/tests/api.test.js:534:1'
  failureType: 'subtestsFailed'
  error: '2 subtests failed'
  code: 'ERR_TEST_FAILURE'
  ...
# Subtest: POST /api/merge/tap
    # Subtest: rejects tap when no generators available
    not ok 1 - rejects tap when no generators available
      ---
      duration_ms: 0.281941
      type: 'test'
      location: '/app/tests/api.test.js:558:3'
      failureType: 'hookFailed'
      error: 'db is not a function'
      code: 'ERR_TEST_FAILURE'
      name: 'TypeError'
      stack: |-
        TestContext.<anonymous> (file:///app/tests/api.test.js:55:11)
        TestHook.runInAsyncScope (node:async_hooks:214:14)
        TestHook.run (node:internal/test_runner/test:1047:25)
        TestHook.run (node:internal/test_runner/test:1354:18)
        Suite.runHook (node:internal/test_runner/test:965:20)
        Test.run (node:internal/test_runner/test:1022:27)
        Test.start (node:internal/test_runner/test:944:17)
        node:internal/test_runner/test:1440:71
        node:internal/per_context/primordials:466:82
        new Promise (<anonymous>)
      ...
    # Subtest: requires userId
    not ok 2 - requires userId
      ---
      duration_ms: 0.24301
      type: 'test'
      location: '/app/tests/api.test.js:567:3'
      failureType: 'hookFailed'
      error: 'db is not a function'
      code: 'ERR_TEST_FAILURE'
      name: 'TypeError'
      stack: |-
        TestContext.<anonymous> (file:///app/tests/api.test.js:55:11)
        TestHook.runInAsyncScope (node:async_hooks:214:14)
        TestHook.run (node:internal/test_runner/test:1047:25)
        TestHook.run (node:internal/test_runner/test:1354:18)
        Suite.runHook (node:internal/test_runner/test:965:20)
        Test.run (node:internal/test_runner/test:1022:27)
        Suite.processPendingSubtests (node:internal/test_runner/test:744:18)
        Test.postRun (node:internal/test_runner/test:1173:19)
        Test.run (node:internal/test_runner/test:1101:12)
        process.processTicksAndRejections (node:internal/process/task_queues:103:5)
      ...
    1..2
not ok 15 - POST /api/merge/tap
  ---
  duration_ms: 0.682242
  type: 'suite'
  location: '/app/tests/api.test.js:557:1'
  failureType: 'subtestsFailed'
  error: '2 subtests failed'
  code: 'ERR_TEST_FAILURE'
  ...
# Subtest: POST /api/merge/trash
    # Subtest: rejects trashing from empty cell
    not ok 1 - rejects trashing from empty cell
      ---
      duration_ms: 0.307414
      type: 'test'
      location: '/app/tests/api.test.js:577:3'
      failureType: 'hookFailed'
      error: 'db is not a function'
      code: 'ERR_TEST_FAILURE'
      name: 'TypeError'
      stack: |-
        TestContext.<anonymous> (file:///app/tests/api.test.js:55:11)
        TestHook.runInAsyncScope (node:async_hooks:214:14)
        TestHook.run (node:internal/test_runner/test:1047:25)
        TestHook.run (node:internal/test_runner/test:1354:18)
        Suite.runHook (node:internal/test_runner/test:965:20)
        Test.run (node:internal/test_runner/test:1022:27)
        Test.start (node:internal/test_runner/test:944:17)
        node:internal/test_runner/test:1440:71
        node:internal/per_context/primordials:466:82
        new Promise (<anonymous>)
      ...
    # Subtest: requires userId
    not ok 2 - requires userId
      ---
      duration_ms: 0.25953
      type: 'test'
      location: '/app/tests/api.test.js:587:3'
      failureType: 'hookFailed'
      error: 'db is not a function'
      code: 'ERR_TEST_FAILURE'
      name: 'TypeError'
      stack: |-
        TestContext.<anonymous> (file:///app/tests/api.test.js:55:11)
        TestHook.runInAsyncScope (node:async_hooks:214:14)
        TestHook.run (node:internal/test_runner/test:1047:25)
        TestHook.run (node:internal/test_runner/test:1354:18)
        Suite.runHook (node:internal/test_runner/test:965:20)
        Test.run (node:internal/test_runner/test:1022:27)
        Suite.processPendingSubtests (node:internal/test_runner/test:744:18)
        Test.postRun (node:internal/test_runner/test:1173:19)
        Test.run (node:internal/test_runner/test:1101:12)
        process.processTicksAndRejections (node:internal/process/task_queues:103:5)
      ...
    1..2
not ok 16 - POST /api/merge/trash
  ---
  duration_ms: 0.694256
  type: 'suite'
  location: '/app/tests/api.test.js:576:1'
  failureType: 'subtestsFailed'
  error: '2 subtests failed'
  code: 'ERR_TEST_FAILURE'
  ...
# Subtest: POST /api/quests/generate
    # Subtest: generates quest orders for a player
    not ok 1 - generates quest orders for a player
      ---
      duration_ms: 0.360414
      type: 'test'
      location: '/app/tests/api.test.js:597:3'
      failureType: 'hookFailed'
      error: 'db is not a function'
      code: 'ERR_TEST_FAILURE'
      name: 'TypeError'
      stack: |-
        TestContext.<anonymous> (file:///app/tests/api.test.js:55:11)
        TestHook.runInAsyncScope (node:async_hooks:214:14)
        TestHook.run (node:internal/test_runner/test:1047:25)
        TestHook.run (node:internal/test_runner/test:1354:18)
        Suite.runHook (node:internal/test_runner/test:965:20)
        Test.run (node:internal/test_runner/test:1022:27)
        Test.start (node:internal/test_runner/test:944:17)
        node:internal/test_runner/test:1440:71
        node:internal/per_context/primordials:466:82
        new Promise (<anonymous>)
      ...
    # Subtest: requires userId
    not ok 2 - requires userId
      ---
      duration_ms: 0.284969
      type: 'test'
      location: '/app/tests/api.test.js:606:3'
      failureType: 'hookFailed'
      error: 'db is not a function'
      code: 'ERR_TEST_FAILURE'
      name: 'TypeError'
      stack: |-
        TestContext.<anonymous> (file:///app/tests/api.test.js:55:11)
        TestHook.runInAsyncScope (node:async_hooks:214:14)
        TestHook.run (node:internal/test_runner/test:1047:25)
        TestHook.run (node:internal/test_runner/test:1354:18)
        Suite.runHook (node:internal/test_runner/test:965:20)
        Test.run (node:internal/test_runner/test:1022:27)
        Suite.processPendingSubtests (node:internal/test_runner/test:744:18)
        Test.postRun (node:internal/test_runner/test:1173:19)
        Test.run (node:internal/test_runner/test:1101:12)
        process.processTicksAndRejections (node:internal/process/task_queues:103:5)
      ...
    1..2
not ok 17 - POST /api/quests/generate
  ---
  duration_ms: 0.757666
  type: 'suite'
  location: '/app/tests/api.test.js:596:1'
  failureType: 'subtestsFailed'
  error: '2 subtests failed'
  code: 'ERR_TEST_FAILURE'
  ...
# Subtest: POST /api/quests/submit
    # Subtest: rejects submit with invalid orderId
    not ok 1 - rejects submit with invalid orderId
      ---
      duration_ms: 0.36517
      type: 'test'
      location: '/app/tests/api.test.js:617:3'
      failureType: 'hookFailed'
      error: 'db is not a function'
      code: 'ERR_TEST_FAILURE'
      name: 'TypeError'
      stack: |-
        TestContext.<anonymous> (file:///app/tests/api.test.js:55:11)
        TestHook.runInAsyncScope (node:async_hooks:214:14)
        TestHook.run (node:internal/test_runner/test:1047:25)
        TestHook.run (node:internal/test_runner/test:1354:18)
        Suite.runHook (node:internal/test_runner/test:965:20)
        Test.run (node:internal/test_runner/test:1022:27)
        Test.start (node:internal/test_runner/test:944:17)
        node:internal/test_runner/test:1440:71
        node:internal/per_context/primordials:466:82
        new Promise (<anonymous>)
      ...
    # Subtest: requires userId
    not ok 2 - requires userId
      ---
      duration_ms: 0.398952
      type: 'test'
      location: '/app/tests/api.test.js:626:3'
      failureType: 'hookFailed'
      error: 'db is not a function'
      code: 'ERR_TEST_FAILURE'
      name: 'TypeError'
      stack: |-
        TestContext.<anonymous> (file:///app/tests/api.test.js:55:11)
        TestHook.runInAsyncScope (node:async_hooks:214:14)
        TestHook.run (node:internal/test_runner/test:1047:25)
        TestHook.run (node:internal/test_runner/test:1354:18)
        Suite.runHook (node:internal/test_runner/test:965:20)
        Test.run (node:internal/test_runner/test:1022:27)
        Suite.processPendingSubtests (node:internal/test_runner/test:744:18)
        Test.postRun (node:internal/test_runner/test:1173:19)
        Test.run (node:internal/test_runner/test:1101:12)
        process.processTicksAndRejections (node:internal/process/task_queues:103:5)
      ...
    1..2
not ok 18 - POST /api/quests/submit
  ---
  duration_ms: 0.911695
  type: 'suite'
  location: '/app/tests/api.test.js:616:1'
  failureType: 'subtestsFailed'
  error: '2 subtests failed'
  code: 'ERR_TEST_FAILURE'
  ...
# Subtest: POST /api/pet/feed — edge cases
    # Subtest: clamps energy at max (no overflow)
    not ok 1 - clamps energy at max (no overflow)
      ---
      duration_ms: 0.36928
      type: 'test'
      location: '/app/tests/api.test.js:639:3'
      failureType: 'hookFailed'
      error: 'db is not a function'
      code: 'ERR_TEST_FAILURE'
      name: 'TypeError'
      stack: |-
        TestContext.<anonymous> (file:///app/tests/api.test.js:55:11)
        TestHook.runInAsyncScope (node:async_hooks:214:14)
        TestHook.run (node:internal/test_runner/test:1047:25)
        TestHook.run (node:internal/test_runner/test:1354:18)
        Suite.runHook (node:internal/test_runner/test:965:20)
        Test.run (node:internal/test_runner/test:1022:27)
        Test.start (node:internal/test_runner/test:944:17)
        node:internal/test_runner/test:1440:71
        node:internal/per_context/primordials:466:82
        new Promise (<anonymous>)
      ...
    # Subtest: caps pet fullness at 100 (no overflow)
    not ok 2 - caps pet fullness at 100 (no overflow)
      ---
      duration_ms: 0.387021
      type: 'test'
      location: '/app/tests/api.test.js:657:3'
      failureType: 'hookFailed'
      error: 'db is not a function'
      code: 'ERR_TEST_FAILURE'
      name: 'TypeError'
      stack: |-
        TestContext.<anonymous> (file:///app/tests/api.test.js:55:11)
        TestHook.runInAsyncScope (node:async_hooks:214:14)
        TestHook.run (node:internal/test_runner/test:1047:25)
        TestHook.run (node:internal/test_runner/test:1354:18)
        Suite.runHook (node:internal/test_runner/test:965:20)
        Test.run (node:internal/test_runner/test:1022:27)
        Suite.processPendingSubtests (node:internal/test_runner/test:744:18)
        Test.postRun (node:internal/test_runner/test:1173:19)
        Test.run (node:internal/test_runner/test:1101:12)
        process.processTicksAndRejections (node:internal/process/task_queues:103:5)
      ...
    1..2
not ok 19 - POST /api/pet/feed — edge cases
  ---
  duration_ms: 0.875145
  type: 'suite'
  location: '/app/tests/api.test.js:638:1'
  failureType: 'subtestsFailed'
  error: '2 subtests failed'
  code: 'ERR_TEST_FAILURE'
  ...
# Subtest: Building Blox — Piece Shapes
    # Subtest: all pieces have valid cell coordinates (non-negative)
    ok 1 - all pieces have valid cell coordinates (non-negative)
      ---
      duration_ms: 2.583883
      type: 'test'
      ...
    # Subtest: all pieces have unique IDs
    ok 2 - all pieces have unique IDs
      ---
      duration_ms: 0.327051
      type: 'test'
      ...
    # Subtest: all pieces have at least 1 cell
    ok 3 - all pieces have at least 1 cell
      ---
      duration_ms: 0.185338
      type: 'test'
      ...
    # Subtest: all pieces have a color string
    ok 4 - all pieces have a color string
      ---
      duration_ms: 0.226573
      type: 'test'
      ...
    # Subtest: no pieces exceed 5x5 bounding box
    ok 5 - no pieces exceed 5x5 bounding box
      ---
      duration_ms: 0.22779
      type: 'test'
      ...
    # Subtest: piece library contains expected variety
    ok 6 - piece library contains expected variety
      ---
      duration_ms: 0.167913
      type: 'test'
      ...
    1..6
ok 20 - Building Blox — Piece Shapes
  ---
  duration_ms: 5.304206
  type: 'suite'
  ...
# Subtest: Building Blox — Placement Logic
    # Subtest: places a 1-cell piece at origin
    ok 1 - places a 1-cell piece at origin
      ---
      duration_ms: 0.461039
      type: 'test'
      ...
    # Subtest: rejects placement out of bounds
    ok 2 - rejects placement out of bounds
      ---
      duration_ms: 0.499432
      type: 'test'
      ...
    # Subtest: rejects placement on occupied cells
    ok 3 - rejects placement on occupied cells
      ---
      duration_ms: 0.388385
      type: 'test'
      ...
    # Subtest: i5 piece fits at (0,0) and (0,5) but not (0,6)
    ok 4 - i5 piece fits at (0,0) and (0,5) but not (0,6)
      ---
      duration_ms: 0.705022
      type: 'test'
      ...
    1..4
ok 21 - Building Blox — Placement Logic
  ---
  duration_ms: 2.523564
  type: 'suite'
  ...
# Subtest: Building Blox — Line Clearing
    # Subtest: detects a full row
    ok 1 - detects a full row
      ---
      duration_ms: 1.521835
      type: 'test'
      ...
    # Subtest: detects a full column
    ok 2 - detects a full column
      ---
      duration_ms: 0.157866
      type: 'test'
      ...
    # Subtest: detects simultaneous row + column clear
    ok 3 - detects simultaneous row + column clear
      ---
      duration_ms: 0.146367
      type: 'test'
      ...
    # Subtest: detects multiple row clears
    ok 4 - detects multiple row clears
      ---
      duration_ms: 0.127664
      type: 'test'
      ...
    # Subtest: no clears on empty board
    ok 5 - no clears on empty board
      ---
      duration_ms: 0.182469
      type: 'test'
      ...
    # Subtest: no clears on nearly-full row (one gap)
    ok 6 - no clears on nearly-full row (one gap)
      ---
      duration_ms: 0.122018
      type: 'test'
      ...
    1..6
ok 22 - Building Blox — Line Clearing
  ---
  duration_ms: 2.464451
  type: 'suite'
  ...
# Subtest: Building Blox — calcBloxReward
    # Subtest: returns REWARD_BLOX_LOSE for 0 or negative scores
    ok 1 - returns REWARD_BLOX_LOSE for 0 or negative scores
      ---
      duration_ms: 0.217951
      type: 'test'
      ...
    # Subtest: returns REWARD_BLOX_LOSE for non-number input
    ok 2 - returns REWARD_BLOX_LOSE for non-number input
      ---
      duration_ms: 0.0804
      type: 'test'
      ...
    # Subtest: returns proportional for low scores (1–99)
    ok 3 - returns proportional for low scores (1–99)
      ---
      duration_ms: 0.08157
      type: 'test'
      ...
    # Subtest: returns base reward at score=100
    ok 4 - returns base reward at score=100
      ---
      duration_ms: 0.075015
      type: 'test'
      ...
    # Subtest: reward increases with score
    ok 5 - reward increases with score
      ---
      duration_ms: 0.10184
      type: 'test'
      ...
    # Subtest: reward is capped at 400
    ok 6 - reward is capped at 400
      ---
      duration_ms: 0.082118
      type: 'test'
      ...
    # Subtest: ECONOMY has blox cost
    ok 7 - ECONOMY has blox cost
      ---
      duration_ms: 0.10552
      type: 'test'
      ...
    1..7
ok 23 - Building Blox — calcBloxReward
  ---
  duration_ms: 0.972034
  type: 'suite'
  ...
# Subtest: Building Blox — Game Over Detection
    # Subtest: 1-cell piece always fits on non-full board
    ok 1 - 1-cell piece always fits on non-full board
      ---
      duration_ms: 0.479251
      type: 'test'
      ...
    # Subtest: large piece does not fit on nearly-full board
    ok 2 - large piece does not fit on nearly-full board
      ---
      duration_ms: 1.420598
      type: 'test'
      ...
    # Subtest: all piececs fit on empty board
    ok 3 - all piececs fit on empty board
      ---
      duration_ms: 0.190066
      type: 'test'
      ...
    1..3
ok 24 - Building Blox — Game Over Detection
  ---
  duration_ms: 2.235765
  type: 'suite'
  ...
# Subtest: Building Blox — Game-Over Correctness
    # Subtest: clearLines clears board cells synchronously
    ok 1 - clearLines clears board cells synchronously
      ---
      duration_ms: 0.327853
      type: 'test'
      ...
    # Subtest: canAnyPieceFit sees empty cells after synchronous line clear
    ok 2 - canAnyPieceFit sees empty cells after synchronous line clear
      ---
      duration_ms: 0.478685
      type: 'test'
      ...
    # Subtest: game does NOT end when moves exist in newly-cleared cells
    ok 3 - game does NOT end when moves exist in newly-cleared cells
      ---
      duration_ms: 0.347729
      type: 'test'
      ...
    # Subtest: dot piece always fits on empty board (sanity)
    ok 4 - dot piece always fits on empty board (sanity)
      ---
      duration_ms: 0.204167
      type: 'test'
      ...
    1..4
ok 25 - Building Blox — Game-Over Correctness
  ---
  duration_ms: 1.522767
  type: 'suite'
  ...
# ⚠️ DATABASE_URL not set — Postgres database is disabled!
# Unhandled error: Error: DATABASE_URL must be configured for v10.0 Postgres migration.
#     at withPlayerLock (file:///app/playerManager.js:41:11)
#     at file:///app/routes/farm.js:42:11
#     at Layer.handleRequest (/app/node_modules/.pnpm/router@2.2.0/node_modules/router/lib/layer.js:152:17)
#     at next (/app/node_modules/.pnpm/router@2.2.0/node_modules/router/lib/route.js:157:13)
#     at requireAuth (file:///app/middleware/auth.js:49:32)
#     at Layer.handleRequest (/app/node_modules/.pnpm/router@2.2.0/node_modules/router/lib/layer.js:152:17)
#     at next (/app/node_modules/.pnpm/router@2.2.0/node_modules/router/lib/route.js:157:13)
#     at Route.dispatch (/app/node_modules/.pnpm/router@2.2.0/node_modules/router/lib/route.js:117:3)
#     at handle (/app/node_modules/.pnpm/router@2.2.0/node_modules/router/index.js:435:11)
#     at Layer.handleRequest (/app/node_modules/.pnpm/router@2.2.0/node_modules/router/lib/layer.js:152:17)
# Subtest: Postgres: Latency Tolerance
    # Subtest: POST /api/farm/state responds within budget
    not ok 1 - POST /api/farm/state responds within budget
      ---
      duration_ms: 59.90522
      type: 'test'
      location: '/app/tests/db.test.js:76:3'
      failureType: 'testCodeFailure'
      error: |-
        Expected values to be strictly equal:

        500 !== 200

      code: 'ERR_ASSERTION'
      name: 'AssertionError'
      expected: 200
      actual: 500
      operator: 'strictEqual'
      stack: |-
        TestContext.<anonymous> (file:///app/tests/db.test.js:81:12)
        process.processTicksAndRejections (node:internal/process/task_queues:103:5)
        async Test.run (node:internal/test_runner/test:1054:7)
        async Promise.all (index 0)
        async Suite.run (node:internal/test_runner/test:1442:7)
        async startSubtestAfterBootstrap (node:internal/test_runner/harness:296:3)
      ...
    1..1
not ok 26 - Postgres: Latency Tolerance
  ---
  duration_ms: 62.852856
  type: 'suite'
  location: '/app/tests/db.test.js:72:1'
  failureType: 'subtestsFailed'
  error: '1 subtest failed'
  code: 'ERR_TEST_FAILURE'
  ...
# Unhandled error: Error: DATABASE_URL must be configured for v10.0 Postgres migration.
#     at withPlayerLock (file:///app/playerManager.js:41:11)
#     at file:///app/routes/farm.js:42:11
#     at Layer.handleRequest (/app/node_modules/.pnpm/router@2.2.0/node_modules/router/lib/layer.js:152:17)
#     at next (/app/node_modules/.pnpm/router@2.2.0/node_modules/router/lib/route.js:157:13)
#     at requireAuth (file:///app/middleware/auth.js:49:32)
#     at Layer.handleRequest (/app/node_modules/.pnpm/router@2.2.0/node_modules/router/lib/layer.js:152:17)
#     at next (/app/node_modules/.pnpm/router@2.2.0/node_modules/router/lib/route.js:157:13)
#     at Route.dispatch (/app/node_modules/.pnpm/router@2.2.0/node_modules/router/lib/route.js:117:3)
#     at handle (/app/node_modules/.pnpm/router@2.2.0/node_modules/router/index.js:435:11)
#     at Layer.handleRequest (/app/node_modules/.pnpm/router@2.2.0/node_modules/router/lib/layer.js:152:17)
# Subtest: Postgres: ACID Concurrency Request Safety
    # Subtest: 20 parallel buy-seeds requests don't overspend gold
    not ok 1 - 20 parallel buy-seeds requests don't overspend gold
      ---
      duration_ms: 11.65037
      type: 'test'
      location: '/app/tests/db.test.js:93:3'
      failureType: 'testCodeFailure'
      error: |-
        Expected values to be strictly equal:

        500 !== 200

      code: 'ERR_ASSERTION'
      name: 'AssertionError'
      expected: 200
      actual: 500
      operator: 'strictEqual'
      stack: |-
        TestContext.<anonymous> (file:///app/tests/db.test.js:96:12)
        process.processTicksAndRejections (node:internal/process/task_queues:103:5)
        async Test.run (node:internal/test_runner/test:1054:7)
        async Promise.all (index 0)
        async Suite.run (node:internal/test_runner/test:1442:7)
        async Test.processPendingSubtests (node:internal/test_runner/test:744:7)
      ...
    1..1
not ok 27 - Postgres: ACID Concurrency Request Safety
  ---
  duration_ms: 12.194101
  type: 'suite'
  location: '/app/tests/db.test.js:92:1'
  failureType: 'subtestsFailed'
  error: '1 subtest failed'
  code: 'ERR_TEST_FAILURE'
  ...
# Subtest: Match-3 Stress: Board Generation
    # Subtest: 1000 boards: every board is 8×8, all cells are valid gems
    ok 1 - 1000 boards: every board is 8×8, all cells are valid gems
      ---
      duration_ms: 23.978832
      type: 'test'
      ...
    # Subtest: 1000 client boards: zero initial matches (client findMatches)
    ok 2 - 1000 client boards: zero initial matches (client findMatches)
      ---
      duration_ms: 10.14916
      type: 'test'
      ...
    # Subtest: 1000 boards: hasValidMoves returns true (no deadlocks)
    ok 3 - 1000 boards: hasValidMoves returns true (no deadlocks)
      ---
      duration_ms: 35.97283
      type: 'test'
      ...
    # Subtest: 500 client boards: all 6 gem types appear with roughly even distribution
    ok 4 - 500 client boards: all 6 gem types appear with roughly even distribution
      ---
      duration_ms: 5.476324
      type: 'test'
      ...
    # Subtest: drop tokens never appear in generated boards
    ok 5 - drop tokens never appear in generated boards
      ---
      duration_ms: 3.54744
      type: 'test'
      ...
    1..5
ok 28 - Match-3 Stress: Board Generation
  ---
  duration_ms: 80.572572
  type: 'suite'
  ...
# Subtest: Match-3: findMatches client correctness
    # Subtest: client findMatches returns flat index array (not objects)
    ok 1 - client findMatches returns flat index array (not objects)
      ---
      duration_ms: 0.423391
      type: 'test'
      ...
    # Subtest: client detects horizontal 3-in-a-row at correct indices
    ok 2 - client detects horizontal 3-in-a-row at correct indices
      ---
      duration_ms: 0.413033
      type: 'test'
      ...
    # Subtest: client skips DROP_TYPES in match detection
    ok 3 - client skips DROP_TYPES in match detection
      ---
      duration_ms: 0.400724
      type: 'test'
      ...
    # Subtest: mixed drop tokens + gems in a row don't produce false match
    ok 4 - mixed drop tokens + gems in a row don't produce false match
      ---
      duration_ms: 0.416547
      type: 'test'
      ...
    # Subtest: full board same gem: all 64 cells matched
    ok 5 - full board same gem: all 64 cells matched
      ---
      duration_ms: 0.550857
      type: 'test'
      ...
    1..5
ok 29 - Match-3: findMatches client correctness
  ---
  duration_ms: 2.762765
  type: 'suite'
  ...
# Subtest: Match-3: resolveBoard cascade correctness
    # Subtest: single match: combo=1, points = count*10
    ok 1 - single match: combo=1, points = count*10
      ---
      duration_ms: 0.729259
      type: 'test'
      ...
    # Subtest: scoring cap: combo multiplier maxes at 5
    ok 2 - scoring cap: combo multiplier maxes at 5
      ---
      duration_ms: 0.154904
      type: 'test'
      ...
    # Subtest: 100× stress: resolved board has zero matches, 64 valid cells
    ok 3 - 100× stress: resolved board has zero matches, 64 valid cells
      ---
      duration_ms: 6.458428
      type: 'test'
      ...
    # Subtest: gravity: no floating gems after resolve
    ok 4 - gravity: no floating gems after resolve
      ---
      duration_ms: 3.200793
      type: 'test'
      ...
    # Subtest: drop tokens survive clearing even if adjacent to match
    ok 5 - drop tokens survive clearing even if adjacent to match
      ---
      duration_ms: 0.40289
      type: 'test'
      ...
    # Subtest: totalPoints is always > 0 when matches existed
    ok 6 - totalPoints is always > 0 when matches existed
      ---
      duration_ms: 1.900456
      type: 'test'
      ...
    1..6
ok 30 - Match-3: resolveBoard cascade correctness
  ---
  duration_ms: 13.254166
  type: 'suite'
  ...
# Subtest: Match-3: calcGoldReward correctness
    # Subtest: score ≤ 0 → REWARD_MATCH3_LOSE
    ok 1 - score ≤ 0 → REWARD_MATCH3_LOSE
      ---
      duration_ms: 0.392833
      type: 'test'
      ...
    # Subtest: score=500 → proportional (floor(40 × 0.5) = 20)
    ok 2 - score=500 → proportional (floor(40 × 0.5) = 20)
      ---
      duration_ms: 0.105737
      type: 'test'
      ...
    # Subtest: score=1000 → base reward (40)
    ok 3 - score=1000 → base reward (40)
      ---
      duration_ms: 0.11409
      type: 'test'
      ...
    # Subtest: score=1500 → base + tier1 bonus
    ok 4 - score=1500 → base + tier1 bonus
      ---
      duration_ms: 0.16669
      type: 'test'
      ...
    # Subtest: score=2000 → base + full tier1
    ok 5 - score=2000 → base + full tier1
      ---
      duration_ms: 0.135922
      type: 'test'
      ...
    # Subtest: 100 ascending scores → non-decreasing reward (monotonicity)
    ok 6 - 100 ascending scores → non-decreasing reward (monotonicity)
      ---
      duration_ms: 0.416789
      type: 'test'
      ...
    # Subtest: very high score (50000) → reward is large but finite
    ok 7 - very high score (50000) → reward is large but finite
      ---
      duration_ms: 0.121424
      type: 'test'
      ...
    1..7
ok 31 - Match-3: calcGoldReward correctness
  ---
  duration_ms: 1.739089
  type: 'suite'
  ...
# Subtest: Blox Stress: Piece integrity
    # Subtest: every piece fits within 10×10 grid at (0,0)
    ok 1 - every piece fits within 10×10 grid at (0,0)
      ---
      duration_ms: 0.430079
      type: 'test'
      ...
    # Subtest: no duplicate cells within any piece
    ok 2 - no duplicate cells within any piece
      ---
      duration_ms: 0.217615
      type: 'test'
      ...
    # Subtest: piece library has expected 12 pieces with sizes 1-5
    ok 3 - piece library has expected 12 pieces with sizes 1-5
      ---
      duration_ms: 0.160577
      type: 'test'
      ...
    1..3
ok 32 - Blox Stress: Piece integrity
  ---
  duration_ms: 0.978089
  type: 'suite'
  ...
# Subtest: Blox Stress: Placement + Line Clearing
    # Subtest: scoring: 1 line = 10pts, 2 lines = 30pts, 3 lines = 45pts
    ok 1 - scoring: 1 line = 10pts, 2 lines = 30pts, 3 lines = 45pts
      ---
      duration_ms: 0.26606
      type: 'test'
      ...
    # Subtest: row + column intersection: cleared cells are null
    ok 2 - row + column intersection: cleared cells are null
      ---
      duration_ms: 0.303109
      type: 'test'
      ...
    # Subtest: 200× random games: always terminate, game-over is honest
    ok 3 - 200× random games: always terminate, game-over is honest
      ---
      duration_ms: 959.697616
      type: 'test'
      ...
    # Subtest: clearLines opens space for pieces: game doesn't end prematurely
    ok 4 - clearLines opens space for pieces: game doesn't end prematurely
      ---
      duration_ms: 0.634563
      type: 'test'
      ...
    1..4
ok 33 - Blox Stress: Placement + Line Clearing
  ---
  duration_ms: 961.129157
  type: 'suite'
  ...
# Subtest: Blox: calcBloxReward correctness
    # Subtest: score=0 → REWARD_BLOX_LOSE (5)
    ok 1 - score=0 → REWARD_BLOX_LOSE (5)
      ---
      duration_ms: 0.259311
      type: 'test'
      ...
    # Subtest: score=50 → proportional floor(35×0.5)=17
    ok 2 - score=50 → proportional floor(35×0.5)=17
      ---
      duration_ms: 0.109913
      type: 'test'
      ...
    # Subtest: score=100 → base reward (35)
    ok 3 - score=100 → base reward (35)
      ---
      duration_ms: 0.211264
      type: 'test'
      ...
    # Subtest: score=99999 → capped at 400
    ok 4 - score=99999 → capped at 400
      ---
      duration_ms: 0.269472
      type: 'test'
      ...
    # Subtest: 100 ascending scores → non-decreasing (monotonicity)
    ok 5 - 100 ascending scores → non-decreasing (monotonicity)
      ---
      duration_ms: 0.338712
      type: 'test'
      ...
    # Subtest: client reward formula matches server formula
    ok 6 - client reward formula matches server formula
      ---
      duration_ms: 0.946303
      type: 'test'
      ...
    1..6
ok 34 - Blox: calcBloxReward correctness
  ---
  duration_ms: 2.446542
  type: 'suite'
  ...
# Subtest: Farm Stress: Growth calculations
    # Subtest: all 8 crops: unwatered 0%, 50%, 100% growth at correct timestamps
    ok 1 - all 8 crops: unwatered 0%, 50%, 100% growth at correct timestamps
      ---
      duration_ms: 0.738357
      type: 'test'
      ...
    # Subtest: all 8 crops: watered crop finishes faster than unwatered
    ok 2 - all 8 crops: watered crop finishes faster than unwatered
      ---
      duration_ms: 0.338706
      type: 'test'
      ...
    # Subtest: watering multipliers are correct per growth tier
    ok 3 - watering multipliers are correct per growth tier
      ---
      duration_ms: 0.164817
      type: 'test'
      ...
    # Subtest: no crop has growthTime under 30 seconds
    ok 4 - no crop has growthTime under 30 seconds
      ---
      duration_ms: 0.170204
      type: 'test'
      ...
    # Subtest: default player has no phantom 'planter' in farm inventory
    ok 5 - default player has no phantom 'planter' in farm inventory
      ---
      duration_ms: 0.525574
      type: 'test'
      ...
    1..5
ok 35 - Farm Stress: Growth calculations
  ---
  duration_ms: 2.205918
  type: 'suite'
  ...
# Subtest: Farm: Economy invariants
    # Subtest: sellPrice > seedPrice for all crops (profit is positive)
    ok 1 - sellPrice > seedPrice for all crops (profit is positive)
      ---
      duration_ms: 0.249863
      type: 'test'
      ...
    # Subtest: longer growthTime → higher sellPrice within same tier
    ok 2 - longer growthTime → higher sellPrice within same tier
      ---
      duration_ms: 0.253379
      type: 'test'
      ...
    # Subtest: all crops have positive XP
    ok 3 - all crops have positive XP
      ---
      duration_ms: 0.11943
      type: 'test'
      ...
    # Subtest: exactly 8 crops exist
    ok 4 - exactly 8 crops exist
      ---
      duration_ms: 0.084817
      type: 'test'
      ...
    # Subtest: all crop IDs match their key
    ok 5 - all crop IDs match their key
      ---
      duration_ms: 0.109221
      type: 'test'
      ...
    1..5
ok 36 - Farm: Economy invariants
  ---
  duration_ms: 0.999119
  type: 'suite'
  ...
# Subtest: Farm Stress: processOfflineActions
    # Subtest: 100× random states: energy is NEVER modified
    ok 1 - 100× random states: energy is NEVER modified
      ---
      duration_ms: 4.009141
      type: 'test'
      ...
    # Subtest: harvest costs fullness (not energy)
    ok 2 - harvest costs fullness (not energy)
      ---
      duration_ms: 0.179208
      type: 'test'
      ...
    # Subtest: plant costs fullness (not energy)
    ok 3 - plant costs fullness (not energy)
      ---
      duration_ms: 0.182938
      type: 'test'
      ...
    # Subtest: auto-water is free (no fullness or energy cost)
    ok 4 - auto-water is free (no fullness or energy cost)
      ---
      duration_ms: 0.183403
      type: 'test'
      ...
    # Subtest: seeds never go negative after auto-plant
    ok 5 - seeds never go negative after auto-plant
      ---
      duration_ms: 0.72442
      type: 'test'
      ...
    # Subtest: priority order: harvest → plant → water
    ok 6 - priority order: harvest → plant → water
      ---
      duration_ms: 0.23445
      type: 'test'
      ...
    # Subtest: farm level = floor(xp/100) + 1
    ok 7 - farm level = floor(xp/100) + 1
      ---
      duration_ms: 0.250328
      type: 'test'
      ...
    1..7
ok 37 - Farm Stress: processOfflineActions
  ---
  duration_ms: 6.093534
  type: 'suite'
  ...
# Subtest: Farm: Energy regen edge cases
    # Subtest: massive elapsed (1 hour) → capped at ENERGY_MAX
    ok 1 - massive elapsed (1 hour) → capped at ENERGY_MAX
      ---
      duration_ms: 0.631023
      type: 'test'
      ...
    # Subtest: 0 elapsed → no regen
    ok 2 - 0 elapsed → no regen
      ---
      duration_ms: 0.237188
      type: 'test'
      ...
    # Subtest: partial tick preserved across multiple calls
    ok 3 - partial tick preserved across multiple calls
      ---
      duration_ms: 0.15806
      type: 'test'
      ...
    # Subtest: 100× random energy states: regen never exceeds max
    ok 4 - 100× random energy states: regen never exceeds max
      ---
      duration_ms: 1.193724
      type: 'test'
      ...
    1..4
ok 38 - Farm: Energy regen edge cases
  ---
  duration_ms: 2.398151
  type: 'suite'
  ...
# Subtest: findMatches
    # Subtest: finds a horizontal match of 3
    ok 1 - finds a horizontal match of 3
      ---
      duration_ms: 2.524352
      type: 'test'
      ...
    # Subtest: finds a horizontal match of 4
    ok 2 - finds a horizontal match of 4
      ---
      duration_ms: 0.222318
      type: 'test'
      ...
    # Subtest: finds a vertical match of 3
    ok 3 - finds a vertical match of 3
      ---
      duration_ms: 0.284207
      type: 'test'
      ...
    # Subtest: returns empty set when no matches exist
    ok 4 - returns empty set when no matches exist
      ---
      duration_ms: 0.235998
      type: 'test'
      ...
    # Subtest: does NOT match drop-type gems
    ok 5 - does NOT match drop-type gems
      ---
      duration_ms: 0.192089
      type: 'test'
      ...
    # Subtest: does not match across different gem types
    ok 6 - does not match across different gem types
      ---
      duration_ms: 0.167405
      type: 'test'
      ...
    # Subtest: finds overlapping horizontal + vertical (L-shape)
    ok 7 - finds overlapping horizontal + vertical (L-shape)
      ---
      duration_ms: 0.243456
      type: 'test'
      ...
    1..7
ok 39 - findMatches
  ---
  duration_ms: 5.518685
  type: 'suite'
  ...
# Subtest: resolveBoard
    # Subtest: clears only matched tiles
    ok 1 - clears only matched tiles
      ---
      duration_ms: 1.676656
      type: 'test'
      ...
    # Subtest: applies gravity: tiles fall down to fill gaps
    ok 2 - applies gravity: tiles fall down to fill gaps
      ---
      duration_ms: 0.601045
      type: 'test'
      ...
    # Subtest: produces zero steps for a match-free board
    ok 3 - produces zero steps for a match-free board
      ---
      duration_ms: 0.425028
      type: 'test'
      ...
    # Subtest: handles cascading matches (chain reaction)
    ok 4 - handles cascading matches (chain reaction)
      ---
      duration_ms: 0.255747
      type: 'test'
      ...
    1..4
ok 40 - resolveBoard
  ---
  duration_ms: 3.540148
  type: 'suite'
  ...
# Subtest: drop type exclusion
    # Subtest: drop gems survive matching even when 3 are adjacent
    ok 1 - drop gems survive matching even when 3 are adjacent
      ---
      duration_ms: 0.170256
      type: 'test'
      ...
    1..1
ok 41 - drop type exclusion
  ---
  duration_ms: 0.263912
  type: 'suite'
  ...
#     generateBoard: p50=0.003ms p95=0.011ms max=0.904ms
#     findMatches: p50=0.0025ms p95=0.0028ms max=0.0720ms
#     processOfflineActions (full): p50=0.030ms p95=0.053ms max=0.383ms
#     processOfflineActions (no-op): p50=0.0005ms p95=0.0035ms max=0.0154ms
#     pickQuestions (500 pool): p50=0.053ms p95=0.109ms max=0.474ms
# Subtest: perf: generateBoard
    # Subtest: generates 100 boards in < 50ms total
    ok 1 - generates 100 boards in < 50ms total
      ---
      duration_ms: 3.416623
      type: 'test'
      ...
    # Subtest: single board p95 < 1ms
    ok 2 - single board p95 < 1ms
      ---
      duration_ms: 3.772997
      type: 'test'
      ...
    1..2
ok 42 - perf: generateBoard
  ---
  duration_ms: 8.334416
  type: 'suite'
  ...
# Subtest: perf: findMatches
    # Subtest: scans 1000 boards in < 20ms total
    ok 1 - scans 1000 boards in < 20ms total
      ---
      duration_ms: 10.899101
      type: 'test'
      ...
    # Subtest: single scan p95 < 0.1ms
    ok 2 - single scan p95 < 0.1ms
      ---
      duration_ms: 2.351162
      type: 'test'
      ...
    1..2
ok 43 - perf: findMatches
  ---
  duration_ms: 13.471051
  type: 'suite'
  ...
# Subtest: perf: processOfflineActions
    # Subtest: full simulation (6 plots, all abilities) p95 < 0.5ms
    ok 1 - full simulation (6 plots, all abilities) p95 < 0.5ms
      ---
      duration_ms: 9.902043
      type: 'test'
      ...
    # Subtest: no-op simulation (< 2min offline) p95 < 0.05ms
    ok 2 - no-op simulation (< 2min offline) p95 < 0.05ms
      ---
      duration_ms: 1.792374
      type: 'test'
      ...
    1..2
ok 44 - perf: processOfflineActions
  ---
  duration_ms: 12.18011
  type: 'suite'
  ...
# Subtest: perf: pickQuestions
    # Subtest: picks from 500 questions p95 < 0.5ms
    ok 1 - picks from 500 questions p95 < 0.5ms
      ---
      duration_ms: 21.963482
      type: 'test'
      ...
    1..1
ok 45 - perf: pickQuestions
  ---
  duration_ms: 22.176523
  type: 'suite'
  ...
# Subtest: Client JS Syntax Validation
    # Subtest: found 16 client JS files to validate
    ok 1 - found 16 client JS files to validate
      ---
      duration_ms: 1.318597
      type: 'test'
      ...
    # Subtest: auth-ui.js — parses without SyntaxError
    ok 2 - auth-ui.js — parses without SyntaxError
      ---
      duration_ms: 1.295774
      type: 'test'
      ...
    # Subtest: blox/pieces.js — parses without SyntaxError
    ok 3 - blox/pieces.js — parses without SyntaxError
      ---
      duration_ms: 0.672325
      type: 'test'
      ...
    # Subtest: blox.js — parses without SyntaxError
    ok 4 - blox.js — parses without SyntaxError
      ---
      duration_ms: 39.600503
      type: 'test'
      ...
    # Subtest: crops.js — parses without SyntaxError
    ok 5 - crops.js — parses without SyntaxError
      ---
      duration_ms: 0.468228
      type: 'test'
      ...
    # Subtest: effects.js — parses without SyntaxError
    ok 6 - effects.js — parses without SyntaxError
      ---
      duration_ms: 0.591756
      type: 'test'
      ...
    # Subtest: farm.js — parses without SyntaxError
    ok 7 - farm.js — parses without SyntaxError
      ---
      duration_ms: 4.0505
      type: 'test'
      ...
    # Subtest: hud.js — parses without SyntaxError
    ok 8 - hud.js — parses without SyntaxError
      ---
      duration_ms: 0.471968
      type: 'test'
      ...
    # Subtest: main.js — parses without SyntaxError
    ok 9 - main.js — parses without SyntaxError
      ---
      duration_ms: 8.202068
      type: 'test'
      ...
    # Subtest: match3/engine.js — parses without SyntaxError
    ok 10 - match3/engine.js — parses without SyntaxError
      ---
      duration_ms: 0.876923
      type: 'test'
      ...
    # Subtest: match3.js — parses without SyntaxError
    ok 11 - match3.js — parses without SyntaxError
      ---
      duration_ms: 0.514433
      type: 'test'
      ...
    # Subtest: merge.js — parses without SyntaxError
    ok 12 - merge.js — parses without SyntaxError
      ---
      duration_ms: 0.247002
      type: 'test'
      ...
    # Subtest: pet.js — parses without SyntaxError
    ok 13 - pet.js — parses without SyntaxError
      ---
      duration_ms: 0.33113
      type: 'test'
      ...
    # Subtest: realtime.js — parses without SyntaxError
    ok 14 - realtime.js — parses without SyntaxError
      ---
      duration_ms: 0.592778
      type: 'test'
      ...
    # Subtest: shared.js — parses without SyntaxError
    ok 15 - shared.js — parses without SyntaxError
      ---
      duration_ms: 0.578479
      type: 'test'
      ...
    # Subtest: store.js — parses without SyntaxError
    ok 16 - store.js — parses without SyntaxError
      ---
      duration_ms: 3.361781
      type: 'test'
      ...
    # Subtest: trivia.js — parses without SyntaxError
    ok 17 - trivia.js — parses without SyntaxError
      ---
      duration_ms: 0.790642
      type: 'test'
      ...
    1..17
ok 46 - Client JS Syntax Validation
  ---
  duration_ms: 66.33042
  type: 'suite'
  ...
# Subtest: createDefaultPlayer
    # Subtest: returns a player with all required fields
    ok 1 - returns a player with all required fields
      ---
      duration_ms: 1.279914
      type: 'test'
      ...
    # Subtest: [FIX 1 REGRESSION] initializes _lastSeen to a valid timestamp
    ok 2 - [FIX 1 REGRESSION] initializes _lastSeen to a valid timestamp
      ---
      duration_ms: 0.252558
      type: 'test'
      ...
    # Subtest: defaults username to 'Player' when omitted
    ok 3 - defaults username to 'Player' when omitted
      ---
      duration_ms: 0.194288
      type: 'test'
      ...
    # Subtest: creates 6 empty farm plots
    ok 4 - creates 6 empty farm plots
      ---
      duration_ms: 0.306618
      type: 'test'
      ...
    # Subtest: starts with 5 strawberry seeds
    ok 5 - starts with 5 strawberry seeds
      ---
      duration_ms: 0.223878
      type: 'test'
      ...
    1..5
ok 47 - createDefaultPlayer
  ---
  duration_ms: 3.837698
  type: 'suite'
  ...
# Subtest: calcRegen
    # Subtest: does nothing when energy is already at max
    ok 1 - does nothing when energy is already at max
      ---
      duration_ms: 0.453378
      type: 'test'
      ...
    # Subtest: regenerates 1 energy after one regen interval
    ok 2 - regenerates 1 energy after one regen interval
      ---
      duration_ms: 0.333455
      type: 'test'
      ...
    # Subtest: regenerates multiple energy after multiple intervals
    ok 3 - regenerates multiple energy after multiple intervals
      ---
      duration_ms: 0.490126
      type: 'test'
      ...
    # Subtest: caps energy at max
    ok 4 - caps energy at max
      ---
      duration_ms: 0.41766
      type: 'test'
      ...
    # Subtest: preserves partial tick progress
    ok 5 - preserves partial tick progress
      ---
      duration_ms: 0.481294
      type: 'test'
      ...
    1..5
ok 48 - calcRegen
  ---
  duration_ms: 2.738214
  type: 'suite'
  ...
# Subtest: processOfflineActions
    # Subtest: [FIX 1 REGRESSION] returns null for elapsed < 2 minutes
    ok 1 - [FIX 1 REGRESSION] returns null for elapsed < 2 minutes
      ---
      duration_ms: 0.603601
      type: 'test'
      ...
    # Subtest: [FIX 1 REGRESSION] returns null for elapsed < 120s (threshold)
    ok 2 - [FIX 1 REGRESSION] returns null for elapsed < 120s (threshold)
      ---
      duration_ms: 0.145256
      type: 'test'
      ...
    # Subtest: returns null when no abilities are enabled even if away > 2 min
    ok 3 - returns null when no abilities are enabled even if away > 2 min
      ---
      duration_ms: 0.258838
      type: 'test'
      ...
    # Subtest: auto-waters unwatered crops when ability is enabled
    ok 4 - auto-waters unwatered crops when ability is enabled
      ---
      duration_ms: 0.254823
      type: 'test'
      ...
    # Subtest: auto-harvests fully grown crops (costs fullness, not energy)
    ok 5 - auto-harvests fully grown crops (costs fullness, not energy)
      ---
      duration_ms: 0.308549
      type: 'test'
      ...
    # Subtest: auto-plants seeds on empty plots (costs fullness, not energy)
    ok 6 - auto-plants seeds on empty plots (costs fullness, not energy)
      ---
      duration_ms: 0.422034
      type: 'test'
      ...
    # Subtest: stops auto-harvest when fullness runs out (no cheap food)
    ok 7 - stops auto-harvest when fullness runs out (no cheap food)
      ---
      duration_ms: 0.380957
      type: 'test'
      ...
    # Subtest: auto-eats cheap crops to refuel when fullness is 0
    ok 8 - auto-eats cheap crops to refuel when fullness is 0
      ---
      duration_ms: 0.208062
      type: 'test'
      ...
    # Subtest: does NOT eat mid/expensive crops for refuel
    ok 9 - does NOT eat mid/expensive crops for refuel
      ---
      duration_ms: 0.217385
      type: 'test'
      ...
    # Subtest: updates _lastSeen to current time
    ok 10 - updates _lastSeen to current time
      ---
      duration_ms: 0.144286
      type: 'test'
      ...
    1..10
ok 49 - processOfflineActions
  ---
  duration_ms: 4.347214
  type: 'suite'
  ...
# Subtest: getWateringMultiplier
    # Subtest: returns 0.7 for fast crops (strawberry, blueberry)
    ok 1 - returns 0.7 for fast crops (strawberry, blueberry)
      ---
      duration_ms: 0.230746
      type: 'test'
      ...
    # Subtest: returns 0.6 for medium crops (tomato, golden, corn)
    ok 2 - returns 0.6 for medium crops (tomato, golden, corn)
      ---
      duration_ms: 0.103844
      type: 'test'
      ...
    # Subtest: returns 0.55 for slow crops (sunflower, watermelon, pumpkin)
    ok 3 - returns 0.55 for slow crops (sunflower, watermelon, pumpkin)
      ---
      duration_ms: 0.095267
      type: 'test'
      ...
    # Subtest: returns 0.7 for unknown crops
    ok 4 - returns 0.7 for unknown crops
      ---
      duration_ms: 0.171737
      type: 'test'
      ...
    1..4
ok 50 - getWateringMultiplier
  ---
  duration_ms: 0.783865
  type: 'suite'
  ...
# Subtest: getGrowthPct
    # Subtest: returns 0 for empty plot
    ok 1 - returns 0 for empty plot
      ---
      duration_ms: 0.213951
      type: 'test'
      ...
    # Subtest: returns 0 for unknown crop
    ok 2 - returns 0 for unknown crop
      ---
      duration_ms: 0.128978
      type: 'test'
      ...
    # Subtest: returns 0 at planting time
    ok 3 - returns 0 at planting time
      ---
      duration_ms: 0.119911
      type: 'test'
      ...
    # Subtest: returns 1 at full growth time (unwatered)
    ok 4 - returns 1 at full growth time (unwatered)
      ---
      duration_ms: 0.1171
      type: 'test'
      ...
    # Subtest: returns 1 sooner when watered (multiplier applies)
    ok 5 - returns 1 sooner when watered (multiplier applies)
      ---
      duration_ms: 0.197582
      type: 'test'
      ...
    # Subtest: caps at 1 even if way past growth time
    ok 6 - caps at 1 even if way past growth time
      ---
      duration_ms: 0.193143
      type: 'test'
      ...
    # Subtest: returns intermediate value during growth
    ok 7 - returns intermediate value during growth
      ---
      duration_ms: 0.211214
      type: 'test'
      ...
    1..7
ok 51 - getGrowthPct
  ---
  duration_ms: 1.46447
  type: 'suite'
  ...
# Subtest: farmPlotsWithGrowth
    # Subtest: adds growth, growthTime, and wateringMultiplier to each plot
    ok 1 - adds growth, growthTime, and wateringMultiplier to each plot
      ---
      duration_ms: 0.239705
      type: 'test'
      ...
    1..1
ok 52 - farmPlotsWithGrowth
  ---
  duration_ms: 0.313849
  type: 'suite'
  ...
# Subtest: pickQuestions
    # Subtest: returns the requested number of questions
    ok 1 - returns the requested number of questions
      ---
      duration_ms: 0.192862
      type: 'test'
      ...
    # Subtest: returns all if count exceeds pool size
    ok 2 - returns all if count exceeds pool size
      ---
      duration_ms: 0.087889
      type: 'test'
      ...
    # Subtest: filters by difficulty
    ok 3 - filters by difficulty
      ---
      duration_ms: 0.177479
      type: 'test'
      ...
    # Subtest: returns all when difficulty is 'all'
    ok 4 - returns all when difficulty is 'all'
      ---
      duration_ms: 0.106768
      type: 'test'
      ...
    1..4
ok 53 - pickQuestions
  ---
  duration_ms: 1.009482
  type: 'suite'
  ...
# Subtest: makeClientQuestion
    # Subtest: includes all 4 answers (1 correct + 3 wrong)
    ok 1 - includes all 4 answers (1 correct + 3 wrong)
      ---
      duration_ms: 0.262153
      type: 'test'
      ...
    # Subtest: includes metadata (category, difficulty, points, timeLimit)
    ok 2 - includes metadata (category, difficulty, points, timeLimit)
      ---
      duration_ms: 0.304416
      type: 'test'
      ...
    # Subtest: includes index and total
    ok 3 - includes index and total
      ---
      duration_ms: 0.112721
      type: 'test'
      ...
    # Subtest: does NOT expose correctAnswer directly
    ok 4 - does NOT expose correctAnswer directly
      ---
      duration_ms: 0.204468
      type: 'test'
      ...
    1..4
ok 54 - makeClientQuestion
  ---
  duration_ms: 1.062537
  type: 'suite'
  ...
# Subtest: Constants
    # Subtest: ECONOMY has required fields
    ok 1 - ECONOMY has required fields
      ---
      duration_ms: 0.147344
      type: 'test'
      ...
    # Subtest: CROPS has at least 5 crop types
    ok 2 - CROPS has at least 5 crop types
      ---
      duration_ms: 0.277912
      type: 'test'
      ...
    # Subtest: OFFLINE_THRESHOLD_MS is 2 minutes
    ok 3 - OFFLINE_THRESHOLD_MS is 2 minutes
      ---
      duration_ms: 0.101431
      type: 'test'
      ...
    # Subtest: CROPS have energyYield and fullnessYield
    ok 4 - CROPS have energyYield and fullnessYield
      ---
      duration_ms: 0.12519
      type: 'test'
      ...
    1..4
ok 55 - Constants
  ---
  duration_ms: 0.811083
  type: 'suite'
  ...
# Subtest: calculateSatietyDelta
    # Subtest: returns unchanged fullness if no time has passed
    ok 1 - returns unchanged fullness if no time has passed
      ---
      duration_ms: 0.365883
      type: 'test'
      ...
    # Subtest: reduces fullness by 10 per hour
    ok 2 - reduces fullness by 10 per hour
      ---
      duration_ms: 0.147103
      type: 'test'
      ...
    # Subtest: clamps fullness to 0 (never negative)
    ok 3 - clamps fullness to 0 (never negative)
      ---
      duration_ms: 0.12558
      type: 'test'
      ...
    # Subtest: caps offline progress at 24 hours
    ok 4 - caps offline progress at 24 hours
      ---
      duration_ms: 0.11757
      type: 'test'
      ...
    # Subtest: handles missing stats gracefully
    ok 5 - handles missing stats gracefully
      ---
      duration_ms: 0.111976
      type: 'test'
      ...
    1..5
ok 56 - calculateSatietyDelta
  ---
  duration_ms: 1.137163
  type: 'suite'
  ...
# Subtest: getScaledTime
    # Subtest: returns the same time when DEV_MODE is off
    ok 1 - returns the same time when DEV_MODE is off
      ---
      duration_ms: 0.198128
      type: 'test'
      ...
    # Subtest: returns minimum 1ms
    ok 2 - returns minimum 1ms
      ---
      duration_ms: 0.100508
      type: 'test'
      ...
    1..2
ok 57 - getScaledTime
  ---
  duration_ms: 0.420826
  type: 'suite'
  ...
# Subtest: forceGrowAll
    # Subtest: sets planted crops to fully grown
    ok 1 - sets planted crops to fully grown
      ---
      duration_ms: 0.232068
      type: 'test'
      ...
    # Subtest: handles null input gracefully
    ok 2 - handles null input gracefully
      ---
      duration_ms: 0.315003
      type: 'test'
      ...
    1..2
ok 58 - forceGrowAll
  ---
  duration_ms: 0.650968
  type: 'suite'
  ...
# Subtest: processOfflineActions - Edge Cases
    # Subtest: prevents negative duration offline calculations
    ok 1 - prevents negative duration offline calculations
      ---
      duration_ms: 0.214828
      type: 'test'
      ...
    # Subtest: handles offline generation when energy is already maxed
    ok 2 - handles offline generation when energy is already maxed
      ---
      duration_ms: 0.235172
      type: 'test'
      ...
    1..2
ok 59 - processOfflineActions - Edge Cases
  ---
  duration_ms: 0.635854
  type: 'suite'
  ...
# Subtest: makeClientQuestion - Edge Cases
    # Subtest: handles missing question gracefully
    ok 1 - handles missing question gracefully
      ---
      duration_ms: 0.152655
      type: 'test'
      ...
    1..1
ok 60 - makeClientQuestion - Edge Cases
  ---
  duration_ms: 0.236026
  type: 'suite'
  ...
# Subtest: Pet Flicker — Transition Invariants
    # Subtest: roam duration (3s idle reset) must exceed walk transition (2.5s) by >= 200ms buffer
    ok 1 - roam duration (3s idle reset) must exceed walk transition (2.5s) by >= 200ms buffer
      ---
      duration_ms: 2.134816
      type: 'test'
      ...
    # Subtest: dock transition must be at least 3× shorter than roam transition
    ok 2 - dock transition must be at least 3× shorter than roam transition
      ---
      duration_ms: 0.156931
      type: 'test'
      ...
    # Subtest: state machine min delay must exceed roam + 500ms safety buffer
    ok 3 - state machine min delay must exceed roam + 500ms safety buffer
      ---
      duration_ms: 0.153509
      type: 'test'
      ...
    # Subtest: pet-roaming class removal timeout must match or exceed CSS transition duration
    ok 4 - pet-roaming class removal timeout must match or exceed CSS transition duration
      ---
      duration_ms: 0.207346
      type: 'test'
      ...
    # Subtest: dock and roam classes must never be applied simultaneously
    ok 5 - dock and roam classes must never be applied simultaneously
      ---
      duration_ms: 0.20492
      type: 'test'
      ...
    # Subtest: pet-transitioning cleanup timeout must exceed dock CSS transition by >= 30ms
    ok 6 - pet-transitioning cleanup timeout must exceed dock CSS transition by >= 30ms
      ---
      duration_ms: 0.134459
      type: 'test'
      ...
    1..6
ok 61 - Pet Flicker — Transition Invariants
  ---
  duration_ms: 4.510083
  type: 'suite'
  ...
# Subtest: Pet Zone Bounds
    # Subtest: stats-bar formula produces valid range on 375px screen
    ok 1 - stats-bar formula produces valid range on 375px screen
      ---
      duration_ms: 0.374255
      type: 'test'
      ...
    # Subtest: stats-bar formula produces valid range on 1920px screen
    ok 2 - stats-bar formula produces valid range on 1920px screen
      ---
      duration_ms: 0.394792
      type: 'test'
      ...
    # Subtest: stats-bar formula degrades gracefully on ultra-narrow screen (120px)
    ok 3 - stats-bar formula degrades gracefully on ultra-narrow screen (120px)
      ---
      duration_ms: 0.327622
      type: 'test'
      ...
    # Subtest: ground mode uses full viewport with 40px padding
    ok 4 - ground mode uses full viewport with 40px padding
      ---
      duration_ms: 0.320268
      type: 'test'
      ...
    1..4
ok 62 - Pet Zone Bounds
  ---
  duration_ms: 1.896509
  type: 'suite'
  ...
# Subtest: Harvest Optimistic Rewards
    # Subtest: all crops have sellPrice and xp for optimistic estimation
    ok 1 - all crops have sellPrice and xp for optimistic estimation
      ---
      duration_ms: 0.198973
      type: 'test'
      ...
    # Subtest: optimistic reward matches crops config (no server bonuses)
    ok 2 - optimistic reward matches crops config (no server bonuses)
      ---
      duration_ms: 0.104068
      type: 'test'
      ...
    # Subtest: pumpkin has highest reward (premium crop progression)
    ok 3 - pumpkin has highest reward (premium crop progression)
      ---
      duration_ms: 0.181994
      type: 'test'
      ...
    # Subtest: harvest clears plot locally before server response
    ok 4 - harvest clears plot locally before server response
      ---
      duration_ms: 0.155253
      type: 'test'
      ...
    1..4
ok 63 - Harvest Optimistic Rewards
  ---
  duration_ms: 0.802198
  type: 'suite'
  ...
# Subtest: Growth Tick Efficiency
    # Subtest: empty farm should skip render (hasGrowingPlots = false)
    ok 1 - empty farm should skip render (hasGrowingPlots = false)
      ---
      duration_ms: 0.475453
      type: 'test'
      ...
    # Subtest: fully grown farm should skip render (all at 100%)
    ok 2 - fully grown farm should skip render (all at 100%)
      ---
      duration_ms: 0.366373
      type: 'test'
      ...
    # Subtest: partially grown farm SHOULD trigger render
    ok 3 - partially grown farm SHOULD trigger render
      ---
      duration_ms: 0.149703
      type: 'test'
      ...
    1..3
ok 64 - Growth Tick Efficiency
  ---
  duration_ms: 1.186252
  type: 'suite'
  ...
# Subtest: Water Race Condition
    # Subtest: in-flight Set prevents duplicate watering of same plot
    ok 1 - in-flight Set prevents duplicate watering of same plot
      ---
      duration_ms: 0.167156
      type: 'test'
      ...
    # Subtest: auto-water skips already-watered plots
    ok 2 - auto-water skips already-watered plots
      ---
      duration_ms: 0.921735
      type: 'test'
      ...
    # Subtest: auto-water respects 2-per-tick limit
    ok 3 - auto-water respects 2-per-tick limit
      ---
      duration_ms: 0.223501
      type: 'test'
      ...
    1..3
ok 65 - Water Race Condition
  ---
  duration_ms: 1.544362
  type: 'suite'
  ...
# Subtest: Plant/Harvest Version Guard
    # Subtest: version counter increments per operation
    ok 1 - version counter increments per operation
      ---
      duration_ms: 0.158221
      type: 'test'
      ...
    # Subtest: stale response is rejected when version has advanced
    ok 2 - stale response is rejected when version has advanced
      ---
      duration_ms: 0.113771
      type: 'test'
      ...
    # Subtest: current response is accepted when version matches
    ok 3 - current response is accepted when version matches
      ---
      duration_ms: 0.102409
      type: 'test'
      ...
    # Subtest: harvest version guard follows same pattern
    ok 4 - harvest version guard follows same pattern
      ---
      duration_ms: 0.106851
      type: 'test'
      ...
    1..4
ok 66 - Plant/Harvest Version Guard
  ---
  duration_ms: 0.65592
  type: 'suite'
  ...
# Subtest: Debounced Render Queue
    # Subtest: multiple queue calls result in single render flag
    ok 1 - multiple queue calls result in single render flag
      ---
      duration_ms: 0.247313
      type: 'test'
      ...
    # Subtest: renderPending flag prevents re-entrant renders
    ok 2 - renderPending flag prevents re-entrant renders
      ---
      duration_ms: 0.235438
      type: 'test'
      ...
    1..2
ok 67 - Debounced Render Queue
  ---
  duration_ms: 0.664894
  type: 'suite'
  ...
# Subtest: Watering Growth Speed
    # Subtest: watering multiplier reduces growth time by 20-45%
    ok 1 - watering multiplier reduces growth time by 20-45%
      ---
      duration_ms: 0.257239
      type: 'test'
      ...
    # Subtest: watered plot grows faster than unwatered
    ok 2 - watered plot grows faster than unwatered
      ---
      duration_ms: 0.202223
      type: 'test'
      ...
    # Subtest: growth percentage is capped at 1.0
    ok 3 - growth percentage is capped at 1.0
      ---
      duration_ms: 0.123545
      type: 'test'
      ...
    1..3
ok 68 - Watering Growth Speed
  ---
  duration_ms: 0.71946
  type: 'suite'
  ...
# Subtest: Match-3 Mode Selector — State Machine
    # Subtest: onEnter: active game → pause overlay (not mode selector)
    ok 1 - onEnter: active game → pause overlay (not mode selector)
      ---
      duration_ms: 0.56642
      type: 'test'
      ...
    # Subtest: onEnter: saved sessions → pause overlay
    ok 2 - onEnter: saved sessions → pause overlay
      ---
      duration_ms: 0.177949
      type: 'test'
      ...
    # Subtest: onEnter: no game, no saved → mode selector directly
    ok 3 - onEnter: no game, no saved → mode selector directly
      ---
      duration_ms: 0.261852
      type: 'test'
      ...
    # Subtest: button hierarchy: Continue is first and primary when sessions exist
    ok 4 - button hierarchy: Continue is first and primary when sessions exist
      ---
      duration_ms: 0.376963
      type: 'test'
      ...
    # Subtest: button hierarchy: End All Sessions is last and muted when sessions exist
    ok 5 - button hierarchy: End All Sessions is last and muted when sessions exist
      ---
      duration_ms: 0.296168
      type: 'test'
      ...
    # Subtest: button hierarchy: active game has only Continue + End (no New Game)
    ok 6 - button hierarchy: active game has only Continue + End (no New Game)
      ---
      duration_ms: 0.575554
      type: 'test'
      ...
    # Subtest: no sessions: only New Game visible
    ok 7 - no sessions: only New Game visible
      ---
      duration_ms: 0.315296
      type: 'test'
      ...
    1..7
ok 69 - Match-3 Mode Selector — State Machine
  ---
  duration_ms: 3.193465
  type: 'suite'
  ...
# Subtest: Star Drop — Color Uniqueness
    # Subtest: drop_gold hue range is distinct from all regular gems
    ok 1 - drop_gold hue range is distinct from all regular gems
      ---
      duration_ms: 0.815486
      type: 'test'
      ...
    # Subtest: drop_seeds hue range is distinct from earth and air gems
    ok 2 - drop_seeds hue range is distinct from earth and air gems
      ---
      duration_ms: 0.292717
      type: 'test'
      ...
    # Subtest: all 3 drop types have distinct hue ranges from each other
    ok 3 - all 3 drop types have distinct hue ranges from each other
      ---
      duration_ms: 0.357259
      type: 'test'
      ...
    # Subtest: drop_energy hue range is distinct from all regular gems
    ok 4 - drop_energy hue range is distinct from all regular gems
      ---
      duration_ms: 0.428055
      type: 'test'
      ...
    1..4
ok 70 - Star Drop — Color Uniqueness
  ---
  duration_ms: 2.513979
  type: 'suite'
  ...
# Subtest: Global Version Constant
    # Subtest: package.json version is a valid semver string
    ok 1 - package.json version is a valid semver string
      ---
      duration_ms: 3.138339
      type: 'test'
      ...
    # Subtest: server.js getIndexHtml injects version placeholder markers exist in HTML
    ok 2 - server.js getIndexHtml injects version placeholder markers exist in HTML
      ---
      duration_ms: 0.838183
      type: 'test'
      ...
    1..2
ok 71 - Global Version Constant
  ---
  duration_ms: 4.308364
  type: 'suite'
  ...
# Subtest: Match-3 Kinematic Gravity — Timing Invariants
    # Subtest: 1-row fall uses base duration ~0.30s (0.18 + sqrt(1)*0.12)
    ok 1 - 1-row fall uses base duration ~0.30s (0.18 + sqrt(1)*0.12)
      ---
      duration_ms: 0.811938
      type: 'test'
      ...
    # Subtest: 8-row fall duration caps below 0.55s ceiling
    ok 2 - 8-row fall duration caps below 0.55s ceiling
      ---
      duration_ms: 0.523387
      type: 'test'
      ...
    # Subtest: fall duration increases monotonically with distance
    ok 3 - fall duration increases monotonically with distance
      ---
      duration_ms: 0.487704
      type: 'test'
      ...
    # Subtest: extreme distance (20 rows) is clamped to 0.55s ceiling
    ok 4 - extreme distance (20 rows) is clamped to 0.55s ceiling
      ---
      duration_ms: 0.346332
      type: 'test'
      ...
    # Subtest: short falls (1–2) produce natural deceleration curve
    ok 5 - short falls (1–2) produce natural deceleration curve
      ---
      duration_ms: 0.25059
      type: 'test'
      ...
    1..5
ok 72 - Match-3 Kinematic Gravity — Timing Invariants
  ---
  duration_ms: 3.005609
  type: 'suite'
  ...
# Subtest: Blox Transition Safety
    # Subtest: .blox-cell CSS must not use 'transition: all' (causes layout thrashing)
    ok 1 - .blox-cell CSS must not use 'transition: all' (causes layout thrashing)
      ---
      duration_ms: 1.497197
      type: 'test'
      ...
    1..1
ok 73 - Blox Transition Safety
  ---
  duration_ms: 1.973014
  type: 'suite'
  ...
# Subtest: CSS Containment — Game Boards
    # Subtest: .m3-board has contain: layout style paint
    ok 1 - .m3-board has contain: layout style paint
      ---
      duration_ms: 0.800879
      type: 'test'
      ...
    # Subtest: .blox-board has contain: layout style paint
    ok 2 - .blox-board has contain: layout style paint
      ---
      duration_ms: 0.99995
      type: 'test'
      ...
    1..2
ok 74 - CSS Containment — Game Boards
  ---
  duration_ms: 4.520488
  type: 'suite'
  ...
# Subtest: Float-Points Pool & Spring Return
    # Subtest: float pool capacity is at least 6 (covers 3-combo cascades)
    ok 1 - float pool capacity is at least 6 (covers 3-combo cascades)
      ---
      duration_ms: 0.235803
      type: 'test'
      ...
    # Subtest: float pool ring index correctly wraps around
    ok 2 - float pool ring index correctly wraps around
      ---
      duration_ms: 0.321523
      type: 'test'
      ...
    # Subtest: spring return duration (400ms) is perceptible but not sluggish
    ok 3 - spring return duration (400ms) is perceptible but not sluggish
      ---
      duration_ms: 0.119689
      type: 'test'
      ...
    1..3
ok 75 - Float-Points Pool & Spring Return
  ---
  duration_ms: 0.829826
  type: 'suite'
  ...
# Subtest: Contextual Gem Glow — CSS Custom Properties
    # Subtest: each gem type defines --gem-color in match3.css
    ok 1 - each gem type defines --gem-color in match3.css
      ---
      duration_ms: 0.884142
      type: 'test'
      ...
    # Subtest: m3MatchGlow keyframes use var(--gem-color) for contextual glow
    ok 2 - m3MatchGlow keyframes use var(--gem-color) for contextual glow
      ---
      duration_ms: 0.50543
      type: 'test'
      ...
    1..2
ok 76 - Contextual Gem Glow — CSS Custom Properties
  ---
  duration_ms: 1.566769
  type: 'suite'
  ...
# Subtest: Board Tilt — Rotation Bounds
    # Subtest: center cursor produces zero tilt
    ok 1 - center cursor produces zero tilt
      ---
      duration_ms: 0.210013
      type: 'test'
      ...
    # Subtest: extreme left (-0.5) produces -2.5° tilt
    ok 2 - extreme left (-0.5) produces -2.5° tilt
      ---
      duration_ms: 0.097595
      type: 'test'
      ...
    # Subtest: extreme right (+0.5) produces +2.5° tilt
    ok 3 - extreme right (+0.5) produces +2.5° tilt
      ---
      duration_ms: 0.085152
      type: 'test'
      ...
    # Subtest: tilt never exceeds ±3° for any valid cursor position
    ok 4 - tilt never exceeds ±3° for any valid cursor position
      ---
      duration_ms: 0.35266
      type: 'test'
      ...
    1..4
ok 77 - Board Tilt — Rotation Bounds
  ---
  duration_ms: 0.963791
  type: 'suite'
  ...
# Subtest: Squash & Stretch — Fall Keyframes
    # Subtest: m3Fall keyframes include scaleX and scaleY in match3.css
    ok 1 - m3Fall keyframes include scaleX and scaleY in match3.css
      ---
      duration_ms: 1.15476
      type: 'test'
      ...
    1..1
ok 78 - Squash & Stretch — Fall Keyframes
  ---
  duration_ms: 1.294801
  type: 'suite'
  ...
# Subtest: Color Splash — CSS Rule
    # Subtest: .m3-board-container.color-splash rule exists in match3.css
    ok 1 - .m3-board-container.color-splash rule exists in match3.css
      ---
      duration_ms: 1.223208
      type: 'test'
      ...
    1..1
ok 79 - Color Splash — CSS Rule
  ---
  duration_ms: 1.430506
  type: 'suite'
  ...
# Subtest: Danger Vignette — CSS Rule
    # Subtest: .danger-vignette and dangerPulse exist in match3.css
    ok 1 - .danger-vignette and dangerPulse exist in match3.css
      ---
      duration_ms: 1.011749
      type: 'test'
      ...
    1..1
ok 80 - Danger Vignette — CSS Rule
  ---
  duration_ms: 1.230133
  type: 'suite'
  ...
# Subtest: Ambient Dust Particles — CSS Keyframes
    # Subtest: ambientDrift keyframes exist in match3.css
    ok 1 - ambientDrift keyframes exist in match3.css
      ---
      duration_ms: 1.137356
      type: 'test'
      ...
    # Subtest: bloxAmbientDrift keyframes exist in blox.css
    ok 2 - bloxAmbientDrift keyframes exist in blox.css
      ---
      duration_ms: 2.236527
      type: 'test'
      ...
    1..2
ok 81 - Ambient Dust Particles — CSS Keyframes
  ---
  duration_ms: 3.788871
  type: 'suite'
  ...
# Subtest: Blox Drag-Tilt — rotateZ
    # Subtest: moveDragPreview in blox.js includes rotateZ
    ok 1 - moveDragPreview in blox.js includes rotateZ
      ---
      duration_ms: 1.841306
      type: 'test'
      ...
    1..1
ok 82 - Blox Drag-Tilt — rotateZ
  ---
  duration_ms: 2.045727
  type: 'suite'
  ...
# Subtest: v6.1.1: safeShowModal export
    # Subtest: shared.js exports safeShowModal
    ok 1 - shared.js exports safeShowModal
      ---
      duration_ms: 2.527333
      type: 'test'
      ...
    # Subtest: hud.js imports safeShowModal from shared.js
    ok 2 - hud.js imports safeShowModal from shared.js
      ---
      duration_ms: 1.130511
      type: 'test'
      ...
    1..2
ok 83 - v6.1.1: safeShowModal export
  ---
  duration_ms: 4.006786
  type: 'suite'
  ...
# Subtest: v6.1.1: setPointerCapture removal
    # Subtest: merge.js does NOT use setPointerCapture
    ok 1 - merge.js does NOT use setPointerCapture
      ---
      duration_ms: 3.317999
      type: 'test'
      ...
    1..1
ok 84 - v6.1.1: setPointerCapture removal
  ---
  duration_ms: 3.543866
  type: 'suite'
  ...
# Subtest: v6.1.1: AbortController in api()
    # Subtest: shared.js api() uses AbortController for fetch timeout
    ok 1 - shared.js api() uses AbortController for fetch timeout
      ---
      duration_ms: 0.400226
      type: 'test'
      ...
    1..1
ok 85 - v6.1.1: AbortController in api()
  ---
  duration_ms: 0.467667
  type: 'suite'
  ...
# Subtest: v6.1.1: _forceCleanupDrag in merge.js
    # Subtest: merge.js defines _forceCleanupDrag
    ok 1 - merge.js defines _forceCleanupDrag
      ---
      duration_ms: 0.467899
      type: 'test'
      ...
    1..1
ok 86 - v6.1.1: _forceCleanupDrag in merge.js
  ---
  duration_ms: 0.537133
  type: 'suite'
  ...
# Subtest: v6.1.1: View Transition safety in goToScreen
    # Subtest: shared.js goToScreen uses skipTransition safety timeout
    ok 1 - shared.js goToScreen uses skipTransition safety timeout
      ---
      duration_ms: 0.422453
      type: 'test'
      ...
    1..1
ok 87 - v6.1.1: View Transition safety in goToScreen
  ---
  duration_ms: 0.49302
  type: 'suite'
  ...
# Subtest: v6.1.1: _feedFromModal try/finally
    # Subtest: hud.js _feedFromModal uses try/finally for guaranteed refresh
    ok 1 - hud.js _feedFromModal uses try/finally for guaranteed refresh
      ---
      duration_ms: 0.700096
      type: 'test'
      ...
    1..1
ok 88 - v6.1.1: _feedFromModal try/finally
  ---
  duration_ms: 0.8198
  type: 'suite'
  ...
# Subtest: Interruption System — Return Tier Classification
    # Subtest: quick return (<30s) should NOT show welcome-back modal
    ok 1 - quick return (<30s) should NOT show welcome-back modal
      ---
      duration_ms: 0.182661
      type: 'test'
      ...
    # Subtest: soft return (30s–24h) should show comfort banner
    ok 2 - soft return (30s–24h) should show comfort banner
      ---
      duration_ms: 0.101495
      type: 'test'
      ...
    # Subtest: deep return (>24h) should show comfort report modal
    ok 3 - deep return (>24h) should show comfort report modal
      ---
      duration_ms: 0.115382
      type: 'test'
      ...
    # Subtest: tier boundaries are monotonically increasing (quick < soft < deep)
    ok 4 - tier boundaries are monotonically increasing (quick < soft < deep)
      ---
      duration_ms: 0.083978
      type: 'test'
      ...
    1..4
ok 89 - Interruption System — Return Tier Classification
  ---
  duration_ms: 0.670041
  type: 'suite'
  ...
# Subtest: Comfort Framing — Welcome-Back Copy
    # Subtest: welcome-back modal in farm.js uses warm comfort language
    ok 1 - welcome-back modal in farm.js uses warm comfort language
      ---
      duration_ms: 1.510834
      type: 'test'
      ...
    1..1
ok 90 - Comfort Framing — Welcome-Back Copy
  ---
  duration_ms: 1.586237
  type: 'suite'
  ...
# Subtest: v7.1: Comfort Banner & Interruption System — CSS & Export
    # Subtest: base.css contains .comfort-banner styles
    ok 1 - base.css contains .comfort-banner styles
      ---
      duration_ms: 0.554825
      type: 'test'
      ...
    # Subtest: shared.js exports setupInterruptionSystem
    ok 2 - shared.js exports setupInterruptionSystem
      ---
      duration_ms: 0.38988
      type: 'test'
      ...
    # Subtest: main.js calls setupInterruptionSystem during boot
    ok 3 - main.js calls setupInterruptionSystem during boot
      ---
      duration_ms: 0.313765
      type: 'test'
      ...
    1..3
ok 91 - v7.1: Comfort Banner & Interruption System — CSS & Export
  ---
  duration_ms: 1.379964
  type: 'suite'
  ...
# Subtest: v7.1: Farm CSS Juice — Ambient Animations
    # Subtest: farm.css defines cropSway keyframes for ambient sway
    ok 1 - farm.css defines cropSway keyframes for ambient sway
      ---
      duration_ms: 0.515218
      type: 'test'
      ...
    # Subtest: farm.css respects prefers-reduced-motion for animations
    ok 2 - farm.css respects prefers-reduced-motion for animations
      ---
      duration_ms: 0.459741
      type: 'test'
      ...
    1..2
ok 92 - v7.1: Farm CSS Juice — Ambient Animations
  ---
  duration_ms: 1.071071
  type: 'suite'
  ...
# Subtest: Quick-Buy — Top Seeds Ranking
    # Subtest: returns cheapest seeds when no purchase history exists
    ok 1 - returns cheapest seeds when no purchase history exists
      ---
      duration_ms: 0.257064
      type: 'test'
      ...
    # Subtest: ranks most-purchased seeds first
    ok 2 - ranks most-purchased seeds first
      ---
      duration_ms: 0.263309
      type: 'test'
      ...
    1..2
ok 93 - Quick-Buy — Top Seeds Ranking
  ---
  duration_ms: 0.605523
  type: 'suite'
  ...
# Subtest: v7.1 P1: Cozy Day Theme — CSS Variable Overrides
    # Subtest: cozy-day.css overrides all critical root CSS variables
    ok 1 - cozy-day.css overrides all critical root CSS variables
      ---
      duration_ms: 0.366411
      type: 'test'
      ...
    # Subtest: cozy-day.css uses [data-theme='cozy-day'] selector
    ok 2 - cozy-day.css uses [data-theme='cozy-day'] selector
      ---
      duration_ms: 0.257734
      type: 'test'
      ...
    1..2
ok 94 - v7.1 P1: Cozy Day Theme — CSS Variable Overrides
  ---
  duration_ms: 0.714438
  type: 'suite'
  ...
# Subtest: v7.1 P1: Theme Flash Prevention
    # Subtest: index.html contains inline theme script in head
    ok 1 - index.html contains inline theme script in head
      ---
      duration_ms: 0.314604
      type: 'test'
      ...
    # Subtest: shared.js exports initTheme and setTheme
    ok 2 - shared.js exports initTheme and setTheme
      ---
      duration_ms: 0.369239
      type: 'test'
      ...
    # Subtest: main.js calls initTheme during boot
    ok 3 - main.js calls initTheme during boot
      ---
      duration_ms: 0.24438
      type: 'test'
      ...
    1..3
ok 95 - v7.1 P1: Theme Flash Prevention
  ---
  duration_ms: 1.041834
  type: 'suite'
  ...
# Subtest: v7.1 P1: Farm Juice — Harvest & Water Keyframes
    # Subtest: farm.css defines harvestPop and coinFly keyframes
    ok 1 - farm.css defines harvestPop and coinFly keyframes
      ---
      duration_ms: 1.594229
      type: 'test'
      ...
    # Subtest: farm.css defines quick-buy sheet styles
    ok 2 - farm.css defines quick-buy sheet styles
      ---
      duration_ms: 0.479953
      type: 'test'
      ...
    1..2
ok 96 - v7.1 P1: Farm Juice — Harvest & Water Keyframes
  ---
  duration_ms: 2.17619
  type: 'suite'
  ...
# Subtest: v7.1 P1: Effects.js — Particle Helpers
    # Subtest: effects.js exports spawnCoinFly
    ok 1 - effects.js exports spawnCoinFly
      ---
      duration_ms: 0.312615
      type: 'test'
      ...
    # Subtest: effects.js exports spawnWaterDroplets
    ok 2 - effects.js exports spawnWaterDroplets
      ---
      duration_ms: 0.275667
      type: 'test'
      ...
    # Subtest: particle pool has max 30 capacity (performance budget)
    ok 3 - particle pool has max 30 capacity (performance budget)
      ---
      duration_ms: 0.318909
      type: 'test'
      ...
    1..3
ok 97 - v7.1 P1: Effects.js — Particle Helpers
  ---
  duration_ms: 1.100028
  type: 'suite'
  ...
# Subtest: v7.2 P2: Progressive Seed Unlocking
    # Subtest: getUnlockedSeeds returns only strawberry and blueberry for new player
    ok 1 - getUnlockedSeeds returns only strawberry and blueberry for new player
      ---
      duration_ms: 0.350773
      type: 'test'
      ...
    # Subtest: getUnlockedSeeds includes tomato after first harvest
    ok 2 - getUnlockedSeeds includes tomato after first harvest
      ---
      duration_ms: 0.186675
      type: 'test'
      ...
    # Subtest: getUnlockedSeeds unlocks all seeds with maxed stats
    ok 3 - getUnlockedSeeds unlocks all seeds with maxed stats
      ---
      duration_ms: 0.175734
      type: 'test'
      ...
    1..3
ok 98 - v7.2 P2: Progressive Seed Unlocking
  ---
  duration_ms: 0.824977
  type: 'suite'
  ...
# Subtest: v7.2 P2: Featured Shelf Rotation
    # Subtest: rotation key changes every 4 hours
    ok 1 - rotation key changes every 4 hours
      ---
      duration_ms: 0.12288
      type: 'test'
      ...
    1..1
ok 99 - v7.2 P2: Featured Shelf Rotation
  ---
  duration_ms: 0.22197
  type: 'suite'
  ...
# Subtest: v7.2 P2: Locked Seed Card CSS
    # Subtest: farm.css contains .farm-seed-card.locked styles
    ok 1 - farm.css contains .farm-seed-card.locked styles
      ---
      duration_ms: 0.53621
      type: 'test'
      ...
    1..1
ok 100 - v7.2 P2: Locked Seed Card CSS
  ---
  duration_ms: 0.596606
  type: 'suite'
  ...
# Subtest: v7.2 P2: Match-3 Swap Spring Keyframes
    # Subtest: match3.css contains m3SwapSpring keyframes
    ok 1 - match3.css contains m3SwapSpring keyframes
      ---
      duration_ms: 0.367091
      type: 'test'
      ...
    1..1
ok 101 - v7.2 P2: Match-3 Swap Spring Keyframes
  ---
  duration_ms: 0.42873
  type: 'suite'
  ...
# Subtest: v7.2 P2: Blox Place Bounce Keyframes
    # Subtest: blox.css contains bloxPlaceBounce keyframes
    ok 1 - blox.css contains bloxPlaceBounce keyframes
      ---
      duration_ms: 0.309093
      type: 'test'
      ...
    1..1
ok 102 - v7.2 P2: Blox Place Bounce Keyframes
  ---
  duration_ms: 0.386547
  type: 'suite'
  ...
# Subtest: v7.2 P3: Soft Fantasy Theme
    # Subtest: soft-fantasy.css has correct data-theme selector and key tokens
    ok 1 - soft-fantasy.css has correct data-theme selector and key tokens
      ---
      duration_ms: 0.370187
      type: 'test'
      ...
    1..1
ok 103 - v7.2 P3: Soft Fantasy Theme
  ---
  duration_ms: 0.446546
  type: 'suite'
  ...
# Subtest: v7.2 P3: Minimal Calm Theme
    # Subtest: minimal-calm.css has correct data-theme selector and key tokens
    ok 1 - minimal-calm.css has correct data-theme selector and key tokens
      ---
      duration_ms: 0.324465
      type: 'test'
      ...
    1..1
ok 104 - v7.2 P3: Minimal Calm Theme
  ---
  duration_ms: 0.418147
  type: 'suite'
  ...
# Subtest: v7.2 P3: Theme System Expansion
    # Subtest: shared.js VALID_THEMES includes soft-fantasy, minimal-calm, seasonal
    ok 1 - shared.js VALID_THEMES includes soft-fantasy, minimal-calm, seasonal
      ---
      duration_ms: 0.522342
      type: 'test'
      ...
    1..1
ok 105 - v7.2 P3: Theme System Expansion
  ---
  duration_ms: 0.591594
  type: 'suite'
  ...
# Subtest: v7.2 P3: Trivia Juice Keyframes
    # Subtest: trivia.css contains triviaCardFlip, triviaCorrectPop, triviaStreakGlow
    ok 1 - trivia.css contains triviaCardFlip, triviaCorrectPop, triviaStreakGlow
      ---
      duration_ms: 0.295756
      type: 'test'
      ...
    1..1
ok 106 - v7.2 P3: Trivia Juice Keyframes
  ---
  duration_ms: 0.354144
  type: 'suite'
  ...
# Subtest: v7.2 P3: Merge Juice Keyframes
    # Subtest: merge.css contains mergePull, mergeCollide, gachaCapsuleDrop, gachaReveal
    ok 1 - merge.css contains mergePull, mergeCollide, gachaCapsuleDrop, gachaReveal
      ---
      duration_ms: 0.306488
      type: 'test'
      ...
    1..1
ok 107 - v7.2 P3: Merge Juice Keyframes
  ---
  duration_ms: 0.409184
  type: 'suite'
  ...
# Subtest: v7.2 P3: Pet Interaction Juice Keyframes
    # Subtest: pet.css contains petTapBounce, petHeartBurst, petDustPuff
    ok 1 - pet.css contains petTapBounce, petHeartBurst, petDustPuff
      ---
      duration_ms: 0.437352
      type: 'test'
      ...
    1..1
ok 108 - v7.2 P3: Pet Interaction Juice Keyframes
  ---
  duration_ms: 0.508802
  type: 'suite'
  ...
# Subtest: v7.2 Audit: Theme CSS Imports
    # Subtest: main.jsx imports soft-fantasy.css and minimal-calm.css
    ok 1 - main.jsx imports soft-fantasy.css and minimal-calm.css
      ---
      duration_ms: 0.32928
      type: 'test'
      ...
    1..1
ok 109 - v7.2 Audit: Theme CSS Imports
  ---
  duration_ms: 0.396885
  type: 'suite'
  ...
# Subtest: v7.2 Audit: Theme Flash Prevention
    # Subtest: index.html handles seasonal theme before first paint
    ok 1 - index.html handles seasonal theme before first paint
      ---
      duration_ms: 0.284845
      type: 'test'
      ...
    1..1
ok 110 - v7.2 Audit: Theme Flash Prevention
  ---
  duration_ms: 0.361809
  type: 'suite'
  ...
1..110
# tests 328
# suites 110
# pass 288
# fail 40
# cancelled 0
# skipped 0
# todo 0
# duration_ms 3336.540721
npm notice
npm notice New patch version of npm available! 11.11.0 -> 11.11.1
npm notice Changelog: https://github.com/npm/cli/releases/tag/v11.11.1
npm notice To update run: npm install -g npm@11.11.1
npm notice
