✔ development record binds the current compatible predecessor without reset (4.665013ms)
✔ approval hash cannot be obtained implicitly from candidate bytes (1.343597ms)
✔ rejects maintenance disguise (0.719219ms)
✔ rejects unreviewed predecessor (0.441366ms)
✔ rejects database reset (0.879417ms)
✔ rejects rollback compatibility claim (0.61266ms)
✔ rejects client enablement authority (0.540333ms)
✔ rejects fixture loader (0.388537ms)
✔ rejects canonical visitor admission (0.58582ms)
✔ rejects foreign public target (0.474986ms)
✔ rejects invented neighbor-health claim (0.394486ms)
✔ rejects acceptance missing capability case (1.437737ms)
✔ rejects acceptance different digest (0.412653ms)
✔ rejects acceptance hidden retry (0.318573ms)
✔ rejects acceptance unsuccessful prior deployment (0.411161ms)
✔ health independently binds image, service, exact build, both dependencies and authentication (1.058623ms)
✔ protected host/neighbor changes fail even when application is healthy (0.725168ms)
✔ CLI failure does not serialize private neighbor comparison values (61.495429ms)
✔ shell success changes only app image/build identity and preserves original compose/env (7911.831673ms)
✔ shell unauthorized-root fails before replacing any app (6.185213ms)
✔ shell root-symlink fails before replacing any app (5.427728ms)
✔ shell packet-symlink fails before replacing any app (6.47253ms)
✔ shell lock-symlink fails before replacing any app (12.872872ms)
✔ shell lock-hardlink fails before replacing any app (13.392365ms)
✔ shell backup-symlink fails before replacing any app (6.394625ms)
✔ shell compose-symlink fails before replacing any app (9.514821ms)
✔ shell env-symlink fails before replacing any app (10.83218ms)
✔ shell verifier-symlink fails before replacing any app (16.36364ms)
✔ shell record-symlink fails before replacing any app (6.590685ms)
✔ shell docker-config-override fails before replacing any app (4.390535ms)
✔ shell backup-corruption fails before replacing any app (5789.16221ms)
✔ shell config-drift fails before replacing any app (1382.322903ms)
✔ shell remote-context fails before replacing any app (71.592749ms)
✔ shell no-compose fails before replacing any app (134.903499ms)
✔ shell wrong-predecessor fails before replacing any app (163.845274ms)
✔ shell wrong-candidate-image fails before replacing any app (1277.05555ms)
✔ shell pre-health fails before replacing any app (1462.291289ms)
✔ shell backup-fail fails before replacing any app (3415.529018ms)
✔ shell backup-invalid fails before replacing any app (3148.915161ms)
✔ disappearing neighbor details stay in private evidence rather than public stderr (2848.060024ms)
✔ Compose timeout stays unverified and does not launch a competing rollback (5330.372171ms)
✔ a later invocation refuses unresolved daemon work despite a stale healthy predecessor (5616.835057ms)
✔ signal immediately after clearing a verified candidate marker cannot start an unmarked rollback (7730.62453ms)
✔ shell candidate-port-drift performs actual healthy predecessor rollback (9202.168762ms)
✔ shell candidate-config-drift performs actual healthy predecessor rollback (10235.962819ms)
✔ shell during-switch performs actual healthy predecessor rollback (7982.824401ms)
✔ shell candidate-local performs actual healthy predecessor rollback (9483.205251ms)
✔ shell candidate-public performs actual healthy predecessor rollback (14271.624091ms)
✔ shell stale-public performs actual healthy predecessor rollback (14326.584015ms)
✔ shell rollback-unhealthy refuses a false recovered claim (7374.116803ms)
✔ shell rollback-command refuses a false recovered claim (5931.39147ms)
✔ shell neighbor-drift refuses a false recovered claim (10184.266905ms)
✔ shell has no host installation, registry login, unrelated deletion, environment dump or database restore (0.487235ms)
✔ controller transport-identity-absent blocks before backup/replacement (2.729192ms)
✔ controller transport-identity-mismatch blocks before backup/replacement (246.65937ms)
✔ current active provenance rejects controller confused with app (0.676606ms)
✔ current active provenance rejects wrong deployed target (0.342599ms)
✔ current active provenance rejects unrelated successful run (0.63211ms)
✔ current active provenance rejects missing actual log evidence (3.757164ms)
✔ rollback diagnostics describe the qualified current predecessor compatibility (0.177985ms)
ℹ tests 60
ℹ suites 0
ℹ pass 60
ℹ fail 0
ℹ cancelled 0
ℹ skipped 0
ℹ todo 0
ℹ duration_ms 135819.284458
